NULL!
NULL!
NULL!
NULL!
NULL!
Cursor(boo(), SourceRange(SourceLocation(10, 5, 132), SourceLocation(12, 6, 167)), boo, SourceRange(SourceLocation(10, 9, 136), SourceLocation(10, 12, 139)), Public, 0, Available, null, Comment(null), SourceRange(SourceLocation(0, 0, 0), SourceLocation(0, 0, 0)), Type(Layout(-1), Invalid, -1, -1, Invalid, -1, Layout(-1), false, false, false, false, false), -9223372036854775808)
