 profilerinterface

 Timestamp is 531acde7 (Sat Mar 08 08:59:35 2014)

 Preferred load address is 0000000180000000

 Start         Length     Name                   Class
 0001:00000000 00005214H .text                   CODE
 0002:00000000 00000130H .idata$5                DATA
 0002:00000130 00000008H .CRT$XCA                DATA
 0002:00000138 00000008H .CRT$XCZ                DATA
 0002:00000140 00000008H .CRT$XIA                DATA
 0002:00000148 00000008H .CRT$XIAA               DATA
 0002:00000150 00000008H .CRT$XIZ                DATA
 0002:00000158 00000010H .rdata                  DATA
 0002:00000168 00000008H .rtc$IAA                DATA
 0002:00000170 00000008H .rtc$IZZ                DATA
 0002:00000178 00000008H .rtc$TAA                DATA
 0002:00000180 00000008H .rtc$TZZ                DATA
 0002:00000188 00000744H .xdata                  DATA
 0002:000008cc 00000028H .idata$2                DATA
 0002:000008f4 00000014H .idata$3                DATA
 0002:00000908 00000130H .idata$4                DATA
 0002:00000a38 0000023aH .idata$6                DATA
 0002:00000c80 00000dc4H .edata                  DATA
 0003:00000000 00001e30H .data                   DATA
 0003:00001e30 00000308H .bss                    DATA
 0004:00000000 00000570H .pdata                  DATA
 0005:00000000 00000058H .rsrc$01                DATA
 0005:00000060 00000390H .rsrc$02                DATA

  Address         Publics by Value              Rva+Base               Lib:Object

 0000:00000000       ___safe_se_handler_count   0000000000000000     <absolute>
 0000:00000000       ___safe_se_handler_table   0000000000000000     <absolute>
 0000:00000000       __ImageBase                0000000180000000     <linker-defined>
 0001:00000000       Java_org_netbeans_lib_profiler_server_system_Classes_getAllLoadedClasses 0000000180001000 f   Classes.obj
 0001:000001e0       Java_org_netbeans_lib_profiler_server_system_Classes_cacheLoadedClasses 00000001800011e0 f   Classes.obj
 0001:00000280       Java_org_netbeans_lib_profiler_server_system_Classes_getCachedClassFileBytes 0000000180001280 f   Classes.obj
 0001:000003d0       register_class_prepare     00000001800013d0 f   Classes.obj
 0001:00000420       Java_org_netbeans_lib_profiler_server_system_Classes_enableClassLoadHook 0000000180001420 f   Classes.obj
 0001:00000520       Java_org_netbeans_lib_profiler_server_system_Classes_disableClassLoadHook 0000000180001520 f   Classes.obj
 0001:00000570       Java_org_netbeans_lib_profiler_server_system_Classes_getObjectSize 0000000180001570 f   Classes.obj
 0001:000005a0       Java_org_netbeans_lib_profiler_server_system_Classes_doRedefineClasses 00000001800015a0 f   Classes.obj
 0001:00000880       Java_org_netbeans_lib_profiler_server_system_Classes_notifyAboutClassLoaderUnloading 0000000180001880 f   Classes.obj
 0001:00000890       Java_org_netbeans_lib_profiler_server_system_HeapDump_initialize15 0000000180001890 f   HeapDump.obj
 0001:00000900       Java_org_netbeans_lib_profiler_server_system_HeapDump_takeHeapDump15Native 0000000180001900 f   HeapDump.obj
 0001:00000980       Java_org_netbeans_lib_profiler_server_system_Timers_getThreadCPUTimeInNanos 0000000180001980 f   Timers.obj
 0001:000009f0       Java_org_netbeans_lib_profiler_server_system_Timers_osSleep 00000001800019f0 f   Timers.obj
 0001:00000a00       Java_org_netbeans_lib_profiler_server_system_Timers_enableMicrostateAccounting 0000000180001a00 f   Timers.obj
 0001:00000a10       register_gc_start          0000000180001a10 f   GC.obj
 0001:00000aa0       register_gc_finish         0000000180001aa0 f   GC.obj
 0001:00000b30       enable_gc_start_finish_hook 0000000180001b30 f   GC.obj
 0001:00000c20       Java_org_netbeans_lib_profiler_server_system_GC_activateGCEpochCounter 0000000180001c20 f   GC.obj
 0001:00000d80       Java_org_netbeans_lib_profiler_server_system_GC_resetGCEpochCounter 0000000180001d80 f   GC.obj
 0001:00000da0       Java_org_netbeans_lib_profiler_server_system_GC_getCurrentGCEpoch 0000000180001da0 f   GC.obj
 0001:00000db0       Java_org_netbeans_lib_profiler_server_system_GC_objectsAdjacent 0000000180001db0 f   GC.obj
 0001:00000de0       Java_org_netbeans_lib_profiler_server_system_GC_getGCRelativeTimeMetrics 0000000180001de0 f   GC.obj
 0001:00000f20       Java_org_netbeans_lib_profiler_server_system_GC_getGCStartFinishTimes 0000000180001f20 f   GC.obj
 0001:00000f90       Java_org_netbeans_lib_profiler_server_system_GC_runGC 0000000180001f90 f   GC.obj
 0001:00000fb0       convert_JVMTI_thread_status_to_jfluid_status 0000000180001fb0 f   Threads.obj
 0001:00001100       Java_org_netbeans_lib_profiler_server_system_Threads_recordProfilerOwnThreads 0000000180002100 f   Threads.obj
 0001:00001340       Java_org_netbeans_lib_profiler_server_system_Threads_recordAdditionalProfilerOwnThread 0000000180002340 f   Threads.obj
 0001:00001390       Java_org_netbeans_lib_profiler_server_system_Threads_getTotalNumberOfThreads 0000000180002390 f   Threads.obj
 0001:00001400       Java_org_netbeans_lib_profiler_server_system_Threads_suspendTargetAppThreads 0000000180002400 f   Threads.obj
 0001:000015a0       Java_org_netbeans_lib_profiler_server_system_Threads_resumeTargetAppThreads 00000001800025a0 f   Threads.obj
 0001:00001740       Java_org_netbeans_lib_profiler_server_system_Threads_terminateTargetAppThreads 0000000180002740 f   Threads.obj
 0001:000018d0       Java_org_netbeans_lib_profiler_server_system_Threads_targetAppThreadsExist 00000001800028d0 f   Threads.obj
 0001:00001a50       Java_org_netbeans_lib_profiler_server_system_Threads_getAllThreads 0000000180002a50 f   Threads.obj
 0001:00001bc0       Java_org_netbeans_lib_profiler_server_system_Threads_getThreadsStatus 0000000180002bc0 f   Threads.obj
 0001:00001d20       Java_org_netbeans_lib_profiler_server_system_Threads_getJVMArguments 0000000180002d20 f   Threads.obj
 0001:00001d40       Java_org_netbeans_lib_profiler_server_system_Threads_getJavaCommand 0000000180002d40 f   Threads.obj
 0001:00001e00       Java_org_netbeans_lib_profiler_server_system_Stacks_getCurrentJavaStackDepth 0000000180002e00 f   Stacks.obj
 0001:00001e30       Java_org_netbeans_lib_profiler_server_system_Stacks_clearNativeStackFrameBuffer 0000000180002e30 f   Stacks.obj
 0001:00001e80       Java_org_netbeans_lib_profiler_server_system_Stacks_getCurrentStackFrameIds 0000000180002e80 f   Stacks.obj
 0001:00002310       Java_org_netbeans_lib_profiler_server_system_Stacks_getMethodNamesForJMethodIds 0000000180003310 f   Stacks.obj
 0001:000026d0       Java_org_netbeans_lib_profiler_server_system_Stacks_getAllStackTraces 00000001800036d0 f   Stacks.obj
 0001:00002a60       Java_org_netbeans_lib_profiler_server_system_Stacks_createNativeStackFrameBuffer 0000000180003a60 f   Stacks.obj
 0001:00002ac0       get_nano_time              0000000180003ac0 f   common_functions.obj
 0001:00002af0       report_usage               0000000180003af0 f   common_functions.obj
 0001:00002b50       initializeJVMTI            0000000180003b50 f   common_functions.obj
 0001:00002d90       JNI_OnLoad                 0000000180003d90 f   common_functions.obj
 0001:00002df0       Agent_OnLoad               0000000180003df0 f   common_functions.obj
 0001:00002f50       set_system_loader          0000000180003f50 f   class_file_cache.obj
 0001:00003080       loader_is_system_loader    0000000180004080 f   class_file_cache.obj
 0001:000030f0       cache_loaded_classes       00000001800040f0 f   class_file_cache.obj
 0001:00003150       hash                       0000000180004150 f   class_file_cache.obj
 0001:000031d0       grow_ctable                00000001800041d0 f   class_file_cache.obj
 0001:00003410       get_saved_class_file_bytes 0000000180004410 f   class_file_cache.obj
 0001:000035d0       try_removing_bytes_for_unloaded_classes 00000001800045d0 f   class_file_cache.obj
 0001:000035e0       initializeMethods          00000001800045e0 f   class_file_cache.obj
 0001:00003990       waitInterceptor            0000000180004990 f   class_file_cache.obj
 0001:00003a60       sleepInterceptor           0000000180004a60 f   class_file_cache.obj
 0001:00003b30       parkInterceptor            0000000180004b30 f   class_file_cache.obj
 0001:00003c20       monitor_contended_enter_hook 0000000180004c20 f   class_file_cache.obj
 0001:00003ca0       monitor_contended_entered_hook 0000000180004ca0 f   class_file_cache.obj
 0001:00003d20       vm_object_alloc            0000000180004d20 f   class_file_cache.obj
 0001:00003d90       Java_org_netbeans_lib_profiler_server_system_Classes_setParkTrackingEnabled 0000000180004d90 f   class_file_cache.obj
 0001:00003df0       Java_org_netbeans_lib_profiler_server_system_Classes_setWaitTrackingEnabled 0000000180004df0 f   class_file_cache.obj
 0001:00003e60       Java_org_netbeans_lib_profiler_server_system_Classes_setSleepTrackingEnabled 0000000180004e60 f   class_file_cache.obj
 0001:00003ec0       Java_org_netbeans_lib_profiler_server_system_Classes_setVMObjectAllocEnabled 0000000180004ec0 f   class_file_cache.obj
 0001:00003f10       save_class_file_bytes      0000000180004f10 f   class_file_cache.obj
 0001:00004160       class_file_load_hook       0000000180005160 f   class_file_cache.obj
 0001:000042d0       native_method_bind_hook    00000001800052d0 f   class_file_cache.obj
 0001:000046a0       parse_options_and_extract_params 00000001800056a0 f   attach.obj
 0001:00004860       setupAndCallProfilerRuntimeActivate 0000000180005860 f   attach.obj
 0001:00004a20       vm_init_hook               0000000180005a20 f   attach.obj
 0001:00004a2e       memcpy                     0000000180005a2e f   MSVCRT:MSVCR80.dll
 0001:00004a34       memset                     0000000180005a34 f   MSVCRT:MSVCR80.dll
 0001:00004ab0       _CRT_INIT                  0000000180005ab0 f   MSVCRT:crtdll.obj
 0001:00004e50       _DllMainCRTStartup         0000000180005e50 f   MSVCRT:crtdll.obj
 0001:00004e90       __clean_type_info_names    0000000180005e90 f   MSVCRT:tncleanup.obj
 0001:00004ea0       _onexit                    0000000180005ea0 f   MSVCRT:atonexit.obj
 0001:00004f70       atexit                     0000000180005f70 f   MSVCRT:atonexit.obj
 0001:00004f90       _RTC_Initialize            0000000180005f90 f   MSVCRT:initsect.obj
 0001:00004fd0       _RTC_Terminate             0000000180005fd0 f   MSVCRT:initsect.obj
 0001:00005010       _ValidateImageBase         0000000180006010 f   MSVCRT:pesect.obj
 0001:00005040       _FindPESection             0000000180006040 f   MSVCRT:pesect.obj
 0001:00005090       _IsNonwritableInCurrentImage 0000000180006090 f   MSVCRT:pesect.obj
 0001:000050f2       _initterm                  00000001800060f2 f   MSVCRT:MSVCR80.dll
 0001:000050f8       _initterm_e                00000001800060f8 f   MSVCRT:MSVCR80.dll
 0001:000050fe       _amsg_exit                 00000001800060fe f   MSVCRT:MSVCR80.dll
 0001:00005104       __C_specific_handler       0000000180006104 f   MSVCRT:MSVCR80.dll
 0001:0000510a       __CppXcptFilter            000000018000610a f   MSVCRT:MSVCR80.dll
 0001:00005110       DllMain                    0000000180006110 f   MSVCRT:dllmain.obj
 0001:00005140       __security_init_cookie     0000000180006140 f   MSVCRT:gs_support.obj
 0001:000051fc       __clean_type_info_names_internal 00000001800061fc f   MSVCRT:MSVCR80.dll
 0001:00005202       _unlock                    0000000180006202 f   MSVCRT:MSVCR80.dll
 0001:00005208       __dllonexit                0000000180006208 f   MSVCRT:MSVCR80.dll
 0001:0000520e       _lock                      000000018000620e f   MSVCRT:MSVCR80.dll
 0002:00000000       __imp_GetCurrentProcessId  0000000180007000     kernel32:KERNEL32.dll
 0002:00000008       __imp_GetCurrentThreadId   0000000180007008     kernel32:KERNEL32.dll
 0002:00000010       __imp_GetTickCount         0000000180007010     kernel32:KERNEL32.dll
 0002:00000018       __imp_QueryPerformanceCounter 0000000180007018     kernel32:KERNEL32.dll
 0002:00000020       __imp_DisableThreadLibraryCalls 0000000180007020     kernel32:KERNEL32.dll
 0002:00000028       __imp_Sleep                0000000180007028     kernel32:KERNEL32.dll
 0002:00000030       __imp_GetModuleHandleA     0000000180007030     kernel32:KERNEL32.dll
 0002:00000038       __imp_GetProcAddress       0000000180007038     kernel32:KERNEL32.dll
 0002:00000040       __imp_GetSystemTimeAsFileTime 0000000180007040     kernel32:KERNEL32.dll
 0002:00000048       \177KERNEL32_NULL_THUNK_DATA 0000000180007048     kernel32:KERNEL32.dll
 0002:00000050       __imp_strpbrk              0000000180007050     MSVCRT:MSVCR80.dll
 0002:00000058       __imp_atoi                 0000000180007058     MSVCRT:MSVCR80.dll
 0002:00000060       __imp_strtol               0000000180007060     MSVCRT:MSVCR80.dll
 0002:00000068       __imp__encode_pointer      0000000180007068     MSVCRT:MSVCR80.dll
 0002:00000070       __imp__malloc_crt          0000000180007070     MSVCRT:MSVCR80.dll
 0002:00000078       __imp__initterm            0000000180007078     MSVCRT:MSVCR80.dll
 0002:00000080       __imp__initterm_e          0000000180007080     MSVCRT:MSVCR80.dll
 0002:00000088       __imp__encoded_null        0000000180007088     MSVCRT:MSVCR80.dll
 0002:00000090       __imp_memset               0000000180007090     MSVCRT:MSVCR80.dll
 0002:00000098       __imp__amsg_exit           0000000180007098     MSVCRT:MSVCR80.dll
 0002:000000a0       __imp___C_specific_handler 00000001800070a0     MSVCRT:MSVCR80.dll
 0002:000000a8       __imp___CppXcptFilter      00000001800070a8     MSVCRT:MSVCR80.dll
 0002:000000b0       __imp___clean_type_info_names_internal 00000001800070b0     MSVCRT:MSVCR80.dll
 0002:000000b8       __imp__unlock              00000001800070b8     MSVCRT:MSVCR80.dll
 0002:000000c0       __imp___dllonexit          00000001800070c0     MSVCRT:MSVCR80.dll
 0002:000000c8       __imp__lock                00000001800070c8     MSVCRT:MSVCR80.dll
 0002:000000d0       __imp__onexit              00000001800070d0     MSVCRT:MSVCR80.dll
 0002:000000d8       __imp_strncpy              00000001800070d8     MSVCRT:MSVCR80.dll
 0002:000000e0       __imp_memmove              00000001800070e0     MSVCRT:MSVCR80.dll
 0002:000000e8       __imp_memcpy               00000001800070e8     MSVCRT:MSVCR80.dll
 0002:000000f0       __imp___iob_func           00000001800070f0     MSVCRT:MSVCR80.dll
 0002:000000f8       __imp_fprintf              00000001800070f8     MSVCRT:MSVCR80.dll
 0002:00000100       __imp_calloc               0000000180007100     MSVCRT:MSVCR80.dll
 0002:00000108       __imp__wassert             0000000180007108     MSVCRT:MSVCR80.dll
 0002:00000110       __imp_malloc               0000000180007110     MSVCRT:MSVCR80.dll
 0002:00000118       __imp__decode_pointer      0000000180007118     MSVCRT:MSVCR80.dll
 0002:00000120       __imp_free                 0000000180007120     MSVCRT:MSVCR80.dll
 0002:00000128       \177MSVCR80_NULL_THUNK_DATA 0000000180007128     MSVCRT:MSVCR80.dll
 0002:00000130       __xc_a                     0000000180007130     MSVCRT:cinitexe.obj
 0002:00000138       __xc_z                     0000000180007138     MSVCRT:cinitexe.obj
 0002:00000140       __xi_a                     0000000180007140     MSVCRT:cinitexe.obj
 0002:00000150       __xi_z                     0000000180007150     MSVCRT:cinitexe.obj
 0002:00000158       __real@447a0000            0000000180007158     GC.obj
 0002:00000160       _pDefaultRawDllMain        0000000180007160     MSVCRT:crtdll.obj
 0002:00000160       _pRawDllMain               0000000180007160     MSVCRT:crtdll.obj
 0002:00000168       __rtc_iaa                  0000000180007168     MSVCRT:initsect.obj
 0002:00000170       __rtc_izz                  0000000180007170     MSVCRT:initsect.obj
 0002:00000178       __rtc_taa                  0000000180007178     MSVCRT:initsect.obj
 0002:00000180       __rtc_tzz                  0000000180007180     MSVCRT:initsect.obj
 0002:000008cc       __IMPORT_DESCRIPTOR_MSVCR80 00000001800078cc     MSVCRT:MSVCR80.dll
 0002:000008e0       __IMPORT_DESCRIPTOR_KERNEL32 00000001800078e0     kernel32:KERNEL32.dll
 0002:000008f4       __NULL_IMPORT_DESCRIPTOR   00000001800078f4     MSVCRT:MSVCR80.dll
 0003:00001e10       _fltused                   000000018000ae10     MSVCRT:dllsupp.obj
 0003:00001e14       __native_dllmain_reason    000000018000ae14     MSVCRT:natstart.obj
 0003:00001e18       __native_vcclrit_reason    000000018000ae18     MSVCRT:natstart.obj
 0003:00001e20       __security_cookie          000000018000ae20     MSVCRT:gs_cookie.obj
 0003:00001e28       __security_cookie_complement 000000018000ae28     MSVCRT:gs_cookie.obj
 0003:000020e4       _forceCRTManifest          000000018000b0e4     MSVCRT:crtmanifest.obj
 0003:000020e8       ?__type_info_root_node@@3U__type_info_node@@A 000000018000b0e8     MSVCRT:tncleanup.obj
 0003:000020f8       _jvmti                     000000018000b0f8     <common>
 0003:00002100       _jvmti_callbacks           000000018000b100     <common>
 0003:00002108       JVM_DumpHeap15             000000018000b108     <common>
 0003:00002110       __native_startup_state     000000018000b110     <common>
 0003:00002118       __native_startup_lock      000000018000b118     <common>
 0003:00002120       __onexitend                000000018000b120     <common>
 0003:00002128       __onexitbegin              000000018000b128     <common>
 0003:00002130       __dyn_tls_init_callback    000000018000b130     <common>

 entry point at        0001:00004e50

 Static symbols

 0001:00001020       isProfilerThread           0000000180002020 f   Threads.obj
 0001:00001d60       convert_jmethodID_to_jint  0000000180002d60 f   Stacks.obj
 0001:00001de0       convert_jint_to_jmethodID  0000000180002de0 f   Stacks.obj
 0001:00001fe0       copy_into_data_array       0000000180002fe0 f   Stacks.obj
 0001:000020d0       copy_dummy_names_into_data_array 00000001800030d0 f   Stacks.obj
 0001:00004a40       pre_c_init                 0000000180005a40 f   MSVCRT:crtdll.obj
 0001:00004cc0       __DllMainCRTStartup        0000000180005cc0 f   MSVCRT:crtdll.obj
 0001:00004e00       __DllMainCRTStartup$filt$0 0000000180005e00 f   MSVCRT:crtdll.obj
 0001:00004e30       __DllMainCRTStartup$fin$1  0000000180005e30 f   MSVCRT:crtdll.obj
 0001:00004f50       _onexit$fin$0              0000000180005f50 f   MSVCRT:atonexit.obj
 0001:000050d0       _IsNonwritableInCurrentImage$filt$0 00000001800060d0 f   MSVCRT:pesect.obj
