 profilerinterface

 Timestamp is 531f3aa3 (Tue Mar 11 17:32:35 2014)

 Preferred load address is 0000000180000000

 Start         Length     Name                   Class
 0001:00000000 00005007H .text                   CODE
 0001:00005007 0000033aH .text$x                 CODE
 0002:00000000 000000d8H .idata$5                DATA
 0002:000000d8 00000008H .CRT$XCA                DATA
 0002:000000e0 00000008H .CRT$XCZ                DATA
 0002:000000e8 00000008H .CRT$XIA                DATA
 0002:000000f0 00000008H .CRT$XIAA               DATA
 0002:000000f8 00000008H .CRT$XIZ                DATA
 0002:00000100 00000010H .rdata                  DATA
 0002:00000110 00000798H .xdata                  DATA
 0002:000008a8 00000028H .idata$2                DATA
 0002:000008d0 00000014H .idata$3                DATA
 0002:000008e8 000000d8H .idata$4                DATA
 0002:000009c0 0000017cH .idata$6                DATA
 0002:00000b40 00000dc4H .edata                  DATA
 0003:00000000 00001e30H .data                   DATA
 0003:00001e30 00000300H .bss                    DATA
 0004:00000000 0000057cH .pdata                  DATA
 0005:00000000 00000058H .rsrc$01                DATA
 0005:00000060 00000390H .rsrc$02                DATA

  Address         Publics by Value              Rva+Base               Lib:Object

 0000:00000000       ___safe_se_handler_table   0000000000000000     <absolute>
 0000:00000000       ___safe_se_handler_count   0000000000000000     <absolute>
 0000:00000000       __ImageBase                0000000180000000     <linker-defined>
 0001:00000000       Java_org_netbeans_lib_profiler_server_system_Classes_getAllLoadedClasses 0000000180001000 f   Classes.obj
 0001:000001e0       Java_org_netbeans_lib_profiler_server_system_Classes_cacheLoadedClasses 00000001800011e0 f   Classes.obj
 0001:00000280       Java_org_netbeans_lib_profiler_server_system_Classes_getCachedClassFileBytes 0000000180001280 f   Classes.obj
 0001:000003d0       register_class_prepare     00000001800013d0 f   Classes.obj
 0001:00000420       Java_org_netbeans_lib_profiler_server_system_Classes_enableClassLoadHook 0000000180001420 f   Classes.obj
 0001:00000520       Java_org_netbeans_lib_profiler_server_system_Classes_disableClassLoadHook 0000000180001520 f   Classes.obj
 0001:00000570       Java_org_netbeans_lib_profiler_server_system_Classes_getObjectSize 0000000180001570 f   Classes.obj
 0001:000005a0       Java_org_netbeans_lib_profiler_server_system_Classes_doRedefineClasses 00000001800015a0 f   Classes.obj
 0001:00000880       Java_org_netbeans_lib_profiler_server_system_Classes_notifyAboutClassLoaderUnloading 0000000180001880 f   Classes.obj
 0001:00000890       Java_org_netbeans_lib_profiler_server_system_HeapDump_initialize15 0000000180001890 f   HeapDump.obj
 0001:00000900       Java_org_netbeans_lib_profiler_server_system_HeapDump_takeHeapDump15Native 0000000180001900 f   HeapDump.obj
 0001:00000980       Java_org_netbeans_lib_profiler_server_system_Timers_getThreadCPUTimeInNanos 0000000180001980 f   Timers.obj
 0001:000009f0       Java_org_netbeans_lib_profiler_server_system_Timers_osSleep 00000001800019f0 f   Timers.obj
 0001:00000a00       Java_org_netbeans_lib_profiler_server_system_Timers_enableMicrostateAccounting 0000000180001a00 f   Timers.obj
 0001:00000a10       register_gc_start          0000000180001a10 f   GC.obj
 0001:00000aa0       register_gc_finish         0000000180001aa0 f   GC.obj
 0001:00000b30       enable_gc_start_finish_hook 0000000180001b30 f   GC.obj
 0001:00000c20       Java_org_netbeans_lib_profiler_server_system_GC_activateGCEpochCounter 0000000180001c20 f   GC.obj
 0001:00000d80       Java_org_netbeans_lib_profiler_server_system_GC_resetGCEpochCounter 0000000180001d80 f   GC.obj
 0001:00000da0       Java_org_netbeans_lib_profiler_server_system_GC_getCurrentGCEpoch 0000000180001da0 f   GC.obj
 0001:00000db0       Java_org_netbeans_lib_profiler_server_system_GC_objectsAdjacent 0000000180001db0 f   GC.obj
 0001:00000de0       Java_org_netbeans_lib_profiler_server_system_GC_getGCRelativeTimeMetrics 0000000180001de0 f   GC.obj
 0001:00000f20       Java_org_netbeans_lib_profiler_server_system_GC_getGCStartFinishTimes 0000000180001f20 f   GC.obj
 0001:00000f90       Java_org_netbeans_lib_profiler_server_system_GC_runGC 0000000180001f90 f   GC.obj
 0001:00000fb0       convert_JVMTI_thread_status_to_jfluid_status 0000000180001fb0 f   Threads.obj
 0001:00001100       Java_org_netbeans_lib_profiler_server_system_Threads_recordProfilerOwnThreads 0000000180002100 f   Threads.obj
 0001:00001340       Java_org_netbeans_lib_profiler_server_system_Threads_recordAdditionalProfilerOwnThread 0000000180002340 f   Threads.obj
 0001:00001390       Java_org_netbeans_lib_profiler_server_system_Threads_getTotalNumberOfThreads 0000000180002390 f   Threads.obj
 0001:00001400       Java_org_netbeans_lib_profiler_server_system_Threads_suspendTargetAppThreads 0000000180002400 f   Threads.obj
 0001:000015a0       Java_org_netbeans_lib_profiler_server_system_Threads_resumeTargetAppThreads 00000001800025a0 f   Threads.obj
 0001:00001740       Java_org_netbeans_lib_profiler_server_system_Threads_terminateTargetAppThreads 0000000180002740 f   Threads.obj
 0001:000018d0       Java_org_netbeans_lib_profiler_server_system_Threads_targetAppThreadsExist 00000001800028d0 f   Threads.obj
 0001:00001a50       Java_org_netbeans_lib_profiler_server_system_Threads_getAllThreads 0000000180002a50 f   Threads.obj
 0001:00001bc0       Java_org_netbeans_lib_profiler_server_system_Threads_getThreadsStatus 0000000180002bc0 f   Threads.obj
 0001:00001d20       Java_org_netbeans_lib_profiler_server_system_Threads_getJVMArguments 0000000180002d20 f   Threads.obj
 0001:00001d40       Java_org_netbeans_lib_profiler_server_system_Threads_getJavaCommand 0000000180002d40 f   Threads.obj
 0001:00001e00       Java_org_netbeans_lib_profiler_server_system_Stacks_getCurrentJavaStackDepth 0000000180002e00 f   Stacks.obj
 0001:00001e30       Java_org_netbeans_lib_profiler_server_system_Stacks_clearNativeStackFrameBuffer 0000000180002e30 f   Stacks.obj
 0001:00001e80       Java_org_netbeans_lib_profiler_server_system_Stacks_getCurrentStackFrameIds 0000000180002e80 f   Stacks.obj
 0001:00002310       Java_org_netbeans_lib_profiler_server_system_Stacks_getMethodNamesForJMethodIds 0000000180003310 f   Stacks.obj
 0001:000026d0       Java_org_netbeans_lib_profiler_server_system_Stacks_getAllStackTraces 00000001800036d0 f   Stacks.obj
 0001:00002a60       Java_org_netbeans_lib_profiler_server_system_Stacks_createNativeStackFrameBuffer 0000000180003a60 f   Stacks.obj
 0001:00002ac0       get_nano_time              0000000180003ac0 f   common_functions.obj
 0001:00002af0       report_usage               0000000180003af0 f   common_functions.obj
 0001:00002b50       initializeJVMTI            0000000180003b50 f   common_functions.obj
 0001:00002d90       JNI_OnLoad                 0000000180003d90 f   common_functions.obj
 0001:00002df0       Agent_OnLoad               0000000180003df0 f   common_functions.obj
 0001:00002f50       set_system_loader          0000000180003f50 f   class_file_cache.obj
 0001:00003080       loader_is_system_loader    0000000180004080 f   class_file_cache.obj
 0001:000030f0       cache_loaded_classes       00000001800040f0 f   class_file_cache.obj
 0001:00003150       hash                       0000000180004150 f   class_file_cache.obj
 0001:000031d0       grow_ctable                00000001800041d0 f   class_file_cache.obj
 0001:00003410       get_saved_class_file_bytes 0000000180004410 f   class_file_cache.obj
 0001:000035d0       try_removing_bytes_for_unloaded_classes 00000001800045d0 f   class_file_cache.obj
 0001:000035e0       initializeMethods          00000001800045e0 f   class_file_cache.obj
 0001:00003990       waitInterceptor            0000000180004990 f   class_file_cache.obj
 0001:00003a60       sleepInterceptor           0000000180004a60 f   class_file_cache.obj
 0001:00003b30       parkInterceptor            0000000180004b30 f   class_file_cache.obj
 0001:00003c20       monitor_contended_enter_hook 0000000180004c20 f   class_file_cache.obj
 0001:00003ca0       monitor_contended_entered_hook 0000000180004ca0 f   class_file_cache.obj
 0001:00003d20       vm_object_alloc            0000000180004d20 f   class_file_cache.obj
 0001:00003d90       Java_org_netbeans_lib_profiler_server_system_Classes_setParkTrackingEnabled 0000000180004d90 f   class_file_cache.obj
 0001:00003df0       Java_org_netbeans_lib_profiler_server_system_Classes_setWaitTrackingEnabled 0000000180004df0 f   class_file_cache.obj
 0001:00003e60       Java_org_netbeans_lib_profiler_server_system_Classes_setSleepTrackingEnabled 0000000180004e60 f   class_file_cache.obj
 0001:00003ec0       Java_org_netbeans_lib_profiler_server_system_Classes_setVMObjectAllocEnabled 0000000180004ec0 f   class_file_cache.obj
 0001:00003f10       save_class_file_bytes      0000000180004f10 f   class_file_cache.obj
 0001:00004160       class_file_load_hook       0000000180005160 f   class_file_cache.obj
 0001:000042d0       native_method_bind_hook    00000001800052d0 f   class_file_cache.obj
 0001:000046a0       parse_options_and_extract_params 00000001800056a0 f   attach.obj
 0001:00004860       setupAndCallProfilerRuntimeActivate 0000000180005860 f   attach.obj
 0001:00004a20       vm_init_hook               0000000180005a20 f   attach.obj
 0001:00004a2e       memcpy                     0000000180005a2e f   MSVCRT:msvcrt.dll
 0001:00004a34       memset                     0000000180005a34 f   MSVCRT:msvcrt.dll
 0001:00004a70       _CRT_INIT                  0000000180005a70 f   MSVCRT:crtdll.obj
 0001:00004e34       _DllMainCRTStartup         0000000180005e34 f   MSVCRT:crtdll.obj
 0001:00004e72       _XcptFilter                0000000180005e72 f   MSVCRT:msvcrt.dll
 0001:00004e80       _ValidateImageBase         0000000180005e80 f   MSVCRT:pesect.obj
 0001:00004eb0       _FindPESection             0000000180005eb0 f   MSVCRT:pesect.obj
 0001:00004ef8       _IsNonwritableInCurrentImage 0000000180005ef8 f   MSVCRT:pesect.obj
 0001:00004f3a       _initterm                  0000000180005f3a f   MSVCRT:msvcrt.dll
 0001:00004f40       _amsg_exit                 0000000180005f40 f   MSVCRT:msvcrt.dll
 0001:00004f46       __C_specific_handler       0000000180005f46 f   MSVCRT:msvcrt.dll
 0001:00004f4c       DllMain                    0000000180005f4c f   MSVCRT:dllmain.obj
 0001:00004f54       __security_init_cookie     0000000180005f54 f   MSVCRT:gs_support.obj
 0002:00000000       __imp_GetCurrentProcessId  0000000180007000     kernel32:KERNEL32.dll
 0002:00000008       __imp_GetCurrentThreadId   0000000180007008     kernel32:KERNEL32.dll
 0002:00000010       __imp_GetTickCount         0000000180007010     kernel32:KERNEL32.dll
 0002:00000018       __imp_QueryPerformanceCounter 0000000180007018     kernel32:KERNEL32.dll
 0002:00000020       __imp_Sleep                0000000180007020     kernel32:KERNEL32.dll
 0002:00000028       __imp_GetModuleHandleA     0000000180007028     kernel32:KERNEL32.dll
 0002:00000030       __imp_GetProcAddress       0000000180007030     kernel32:KERNEL32.dll
 0002:00000038       __imp_GetSystemTimeAsFileTime 0000000180007038     kernel32:KERNEL32.dll
 0002:00000040       \177KERNEL32_NULL_THUNK_DATA 0000000180007040     kernel32:KERNEL32.dll
 0002:00000048       __imp_memset               0000000180007048     MSVCRT:msvcrt.dll
 0002:00000050       __imp_strpbrk              0000000180007050     MSVCRT:msvcrt.dll
 0002:00000058       __imp_atoi                 0000000180007058     MSVCRT:msvcrt.dll
 0002:00000060       __imp_strtol               0000000180007060     MSVCRT:msvcrt.dll
 0002:00000068       __imp__XcptFilter          0000000180007068     MSVCRT:msvcrt.dll
 0002:00000070       __imp__initterm            0000000180007070     MSVCRT:msvcrt.dll
 0002:00000078       __imp_strncpy              0000000180007078     MSVCRT:msvcrt.dll
 0002:00000080       __imp___C_specific_handler 0000000180007080     MSVCRT:msvcrt.dll
 0002:00000088       __imp_memmove              0000000180007088     MSVCRT:msvcrt.dll
 0002:00000090       __imp_memcpy               0000000180007090     MSVCRT:msvcrt.dll
 0002:00000098       __imp___iob_func           0000000180007098     MSVCRT:msvcrt.dll
 0002:000000a0       __imp_fprintf              00000001800070a0     MSVCRT:msvcrt.dll
 0002:000000a8       __imp_calloc               00000001800070a8     MSVCRT:msvcrt.dll
 0002:000000b0       __imp__wassert             00000001800070b0     MSVCRT:msvcrt.dll
 0002:000000b8       __imp_malloc               00000001800070b8     MSVCRT:msvcrt.dll
 0002:000000c0       __imp__amsg_exit           00000001800070c0     MSVCRT:msvcrt.dll
 0002:000000c8       __imp_free                 00000001800070c8     MSVCRT:msvcrt.dll
 0002:000000d0       \177msvcrt_NULL_THUNK_DATA 00000001800070d0     MSVCRT:msvcrt.dll
 0002:000000d8       __xc_a                     00000001800070d8     MSVCRT:cinitexe.obj
 0002:000000e0       __xc_z                     00000001800070e0     MSVCRT:cinitexe.obj
 0002:000000e8       __xi_a                     00000001800070e8     MSVCRT:cinitexe.obj
 0002:000000f8       __xi_z                     00000001800070f8     MSVCRT:cinitexe.obj
 0002:00000100       __real@447a0000            0000000180007100     GC.obj
 0002:00000108       _pDefaultRawDllMain        0000000180007108     MSVCRT:crtdll.obj
 0002:000008a8       __IMPORT_DESCRIPTOR_msvcrt 00000001800078a8     MSVCRT:msvcrt.dll
 0002:000008bc       __IMPORT_DESCRIPTOR_KERNEL32 00000001800078bc     kernel32:KERNEL32.dll
 0002:000008d0       __NULL_IMPORT_DESCRIPTOR   00000001800078d0     MSVCRT:msvcrt.dll
 0003:00001e10       _fltused                   000000018000ae10     MSVCRT:dllsupp.obj
 0003:00001e14       __native_dllmain_reason    000000018000ae14     MSVCRT:natstart.obj
 0003:00001e18       __native_vcclrit_reason    000000018000ae18     MSVCRT:natstart.obj
 0003:00001e20       __security_cookie          000000018000ae20     MSVCRT:gs_cookie.obj
 0003:00001e28       __security_cookie_complement 000000018000ae28     MSVCRT:gs_cookie.obj
 0003:000020e8       _jvmti                     000000018000b0e8     <common>
 0003:000020f0       _jvmti_callbacks           000000018000b0f0     <common>
 0003:000020f8       JVM_DumpHeap15             000000018000b0f8     <common>
 0003:00002100       __native_startup_state     000000018000b100     <common>
 0003:00002108       __native_startup_lock      000000018000b108     <common>
 0003:00002110       __onexitend                000000018000b110     <common>
 0003:00002118       __onexitbegin              000000018000b118     <common>
 0003:00002120       _pRawDllMain               000000018000b120     <common>
 0003:00002128       __dyn_tls_init_callback    000000018000b128     <common>

 entry point at        0001:00004e34

 Static symbols

 0001:00001020       isProfilerThread           0000000180002020 f   Threads.obj
 0001:00001d60       convert_jmethodID_to_jint  0000000180002d60 f   Stacks.obj
 0001:00001de0       convert_jint_to_jmethodID  0000000180002de0 f   Stacks.obj
 0001:00001fe0       copy_into_data_array       0000000180002fe0 f   Stacks.obj
 0001:000020d0       copy_dummy_names_into_data_array 00000001800030d0 f   Stacks.obj
 0001:00004a3c       pre_c_init                 0000000180005a3c f   MSVCRT:crtdll.obj
 0001:00004c44       __DllMainCRTStartup        0000000180005c44 f   MSVCRT:crtdll.obj
 0001:00005007       __DllMainCRTStartup$filt$0 0000000180006007 f   MSVCRT:crtdll.obj
 0001:00005067       __DllMainCRTStartup$filt$1 0000000180006067 f   MSVCRT:crtdll.obj
 0001:000050c7       __DllMainCRTStartup$filt$2 00000001800060c7 f   MSVCRT:crtdll.obj
 0001:00005127       __DllMainCRTStartup$filt$3 0000000180006127 f   MSVCRT:crtdll.obj
 0001:00005187       __DllMainCRTStartup$filt$4 0000000180006187 f   MSVCRT:crtdll.obj
 0001:000051e7       __DllMainCRTStartup$filt$5 00000001800061e7 f   MSVCRT:crtdll.obj
 0001:00005247       __DllMainCRTStartup$filt$6 0000000180006247 f   MSVCRT:crtdll.obj
 0001:000052a7       __DllMainCRTStartup$filt$7 00000001800062a7 f   MSVCRT:crtdll.obj
 0001:00005307       __DllMainCRTStartup$fin$8  0000000180006307 f   MSVCRT:crtdll.obj
 0001:00005320       _IsNonwritableInCurrentImage$filt$0 0000000180006320 f   MSVCRT:pesect.obj
