bProt int
bProtSt int
bPub int
bPubSt int
cProt int
cProtSt int
cPub int
cPubSt int
dPriv int
dPrivSt int
dProt int
dProtSt int
dPub int
dPubSt int
bProtFun() void
bProtFunSt() void
bPubFun() void
bPubFunSt() void
cProtFun() void
cProtFunSt() void
cPubFun() void
cPubFunSt() void
dPrivFun() void
dPrivFunSt() void
dProtFun() void
dProtFunSt() void
dPubFun() void
dPubFunSt() void
