

attrs=|DOCUMENTED|;1061
class=NilClass
class-ig=nilclass
constant=METHOD_CLASS_MAP
constant=WHINERS
filename=gem:gems/activesupport-2.1.0/lib/active_support/whiny_nil.rb
fqn=NilClass
require=active_support/whiny_nil
method=id;|DOCUMENTED|
method=method_missing(method,*args,&block);|PRIVATE|BLOCK|
method=raise_nil_warning_for(class_name,selector,with_caller);|DOCUMENTED|PRIVATE|


attrs=|NODOC|MODULE|
class=VERSION
class-ig=version
constant=MAJOR
constant=MINOR
constant=STRING
constant=TINY
filename=gem:gems/activesupport-2.1.0/lib/active_support/version.rb
fqn=ActiveSupport::VERSION
in=ActiveSupport
require=active_support/version


attrs=|MODULE|
class=ActiveSupport
class-ig=activesupport
filename=gem:gems/activesupport-2.1.0/lib/active_support/version.rb
fqn=ActiveSupport
require=active_support/version


filename=gem:gems/activesupport-2.1.0/lib/active_support/vendor.rb
require=active_support/vendor
requires=rubygems


attrs=|DOCUMENTED|;1937
class=TimeWithZone
class-ig=timewithzone
field=period
field=time
field=utc
filename=gem:gems/activesupport-2.1.0/lib/active_support/time_with_zone.rb
fqn=ActiveSupport::TimeWithZone
in=ActiveSupport
includes=Comparable
require=active_support/time_with_zone
requires=tzinfo
attribute=time_zone
method=+(other);|DOCUMENTED|
method=-(other);|DOCUMENTED|
method=<=>(other);|DOCUMENTED|
method=acts_like_time?;|DOCUMENTED|;;boolean;
method=advance(options);00
method=ago(other);00
method=between?(min,max);00;;boolean;
method=dst?;00;;boolean;
method=eql?(other);00;;boolean;
method=formatted_offset(colon,alternate_utc_string);00
method=freeze;|DOCUMENTED|
method=get_period_and_ensure_valid_local_time;|PRIVATE|
method=httpdate;00
method=in_time_zone(new_zone);|DOCUMENTED|
method=initialize(utc_time,time_zone,local_time,period);|PRIVATE|
method=inspect;00
method=is_a?(klass);|DOCUMENTED|;;boolean;
method=localtime;|DOCUMENTED|
method=marshal_dump;00
method=marshal_load(variables);00
method=method_missing(sym,*args,&block);|DOCUMENTED|BLOCK|
method=new(utc_time,time_zone,local_time,period);|PRIVATE|STATIC|
method=period;|DOCUMENTED|
method=respond_to?(sym,include_priv);|DOCUMENTED|;;boolean;
method=rfc2822;00
method=since(other);00
method=strftime(format);|DOCUMENTED|
method=time;|DOCUMENTED|
method=to_a;00
method=to_datetime;00
method=to_f;00
method=to_i;00
method=to_json(options);00
method=to_s(format);|DOCUMENTED|;;String;
method=to_time;|DOCUMENTED|
method=to_yaml(options);00
method=transfer_time_values_to_utc_constructor(time);|PRIVATE|
method=usec;00
method=utc;|DOCUMENTED|
method=utc?;00;;boolean;
method=utc_offset;00
method=xmlschema;00
method=zone;|DOCUMENTED|


attrs=|MODULE|
class=ActiveSupport
class-ig=activesupport
filename=gem:gems/activesupport-2.1.0/lib/active_support/time_with_zone.rb
fqn=ActiveSupport
require=active_support/time_with_zone
requires=tzinfo


attrs=|DOCUMENTED|NODOC|;24
class=TestCase
class-ig=testcase
filename=gem:gems/activesupport-2.1.0/lib/active_support/test_case.rb
fqn=Test::Unit::TestCase
in=Test::Unit
includes=ActiveSupport::Testing::SetupAndTeardown
require=active_support/test_case
requires=active_support/testing/default,active_support/testing/setup_and_teardown,test/unit/testcase


attrs=|CLASS|
class=TestCase
class-ig=testcase
extends=Test::Unit::TestCase
filename=gem:gems/activesupport-2.1.0/lib/active_support/test_case.rb
fqn=ActiveSupport::TestCase
in=ActiveSupport
require=active_support/test_case
requires=active_support/testing/default,active_support/testing/setup_and_teardown,test/unit/testcase


attrs=|MODULE|
class=ActiveSupport
class-ig=activesupport
filename=gem:gems/activesupport-2.1.0/lib/active_support/test_case.rb
fqn=ActiveSupport
require=active_support/test_case
requires=active_support/testing/default,active_support/testing/setup_and_teardown,test/unit/testcase


attrs=|NODOC|
class=OrderedOptions
class-ig=orderedoptions
extends=ActiveSupport::OrderedHash
filename=gem:gems/activesupport-2.1.0/lib/active_support/ordered_options.rb
fqn=OrderedOptions
require=active_support/ordered_options
method=[](key);|NODOC|
method=[]=(key,value);|NODOC|
method=method_missing(name,*args);|NODOC|


attrs=|NODOC|
class=OrderedHash
class-ig=orderedhash
extends=Array
filename=gem:gems/activesupport-2.1.0/lib/active_support/ordered_hash.rb
fqn=ActiveSupport::OrderedHash
in=ActiveSupport
require=active_support/ordered_hash
method=[](key);|NODOC|
method=[]=(key,value);|NODOC|
method=delete(key);|NODOC|
method=keys;|NODOC|
method=to_hash;|NODOC|
method=values;|NODOC|


attrs=|DOCUMENTED|MODULE|;75
class=ActiveSupport
class-ig=activesupport
constant=OrderedHash
filename=gem:gems/activesupport-2.1.0/lib/active_support/ordered_hash.rb
fqn=ActiveSupport
require=active_support/ordered_hash


attrs=|NODOC|
class=OptionMerger
class-ig=optionmerger
field=context;|NODOC
field=options;|NODOC
filename=gem:gems/activesupport-2.1.0/lib/active_support/option_merger.rb
fqn=ActiveSupport::OptionMerger
in=ActiveSupport
require=active_support/option_merger
method=initialize(context,options);|PRIVATE|NODOC|
method=merge_argument_options!(arguments);|PRIVATE|NODOC|
method=method_missing(method,*arguments,&block);|PRIVATE|NODOC|BLOCK|
method=new(context,options);|PRIVATE|STATIC|NODOC|


attrs=|MODULE|
class=ActiveSupport
class-ig=activesupport
filename=gem:gems/activesupport-2.1.0/lib/active_support/option_merger.rb
fqn=ActiveSupport
require=active_support/option_merger


attrs=|NODOC|MODULE|
class=Multibyte
class-ig=multibyte
constant=DEFAULT_NORMALIZATION_FORM
constant=NORMALIZATIONS_FORMS
constant=UNICODE_VERSION
filename=gem:gems/activesupport-2.1.0/lib/active_support/multibyte.rb
fqn=ActiveSupport::Multibyte
in=ActiveSupport
require=active_support/multibyte
requires=active_support/multibyte/chars


attrs=|MODULE|
class=ActiveSupport
class-ig=activesupport
filename=gem:gems/activesupport-2.1.0/lib/active_support/multibyte.rb
fqn=ActiveSupport
require=active_support/multibyte
requires=active_support/multibyte/chars


attrs=|MODULE|
class=ActiveSupport
class-ig=activesupport
field=escape_html_entities_in_json
filename=gem:gems/activesupport-2.1.0/lib/active_support/json.rb
fqn=ActiveSupport
require=active_support/json
requires=active_support/json/encoding,active_support/json/decoding
method=escape_html_entities_in_json;|STATIC|
method=escape_html_entities_in_json=(value);|STATIC|


attrs=|DOCUMENTED|;624
class=Inflections
class-ig=inflections
filename=gem:gems/activesupport-2.1.0/lib/active_support/inflector.rb
fqn=Inflector::Inflections
in=Inflector
includes=Singleton
require=active_support/inflector
requires=singleton
attribute=plurals
attribute=singulars
attribute=uncountables
method=clear(scope);|DOCUMENTED|
method=initialize;|PRIVATE|
method=irregular(singular,plural);|DOCUMENTED|
method=new;|PRIVATE|STATIC|
method=plural(rule,replacement);|DOCUMENTED|
method=singular(rule,replacement);|DOCUMENTED|
method=uncountable(*words);|DOCUMENTED|


attrs=|DOCUMENTED|MODULE|;586
class=Inflector
class-ig=inflector
filename=gem:gems/activesupport-2.1.0/lib/active_support/inflector.rb
fqn=Inflector
require=active_support/inflector
requires=singleton
method=camelize(lower_case_and_underscored_word,first_letter_in_uppercase);|DOCUMENTED|
method=classify(table_name);|DOCUMENTED|
method=constantize(camel_cased_word);|DOCUMENTED|
method=dasherize(underscored_word);|DOCUMENTED|
method=demodulize(class_name_in_module);|DOCUMENTED|
method=foreign_key(class_name,separate_class_name_and_id_with_underscore);|DOCUMENTED|
method=humanize(lower_case_and_underscored_word);|DOCUMENTED|
method=inflections;|DOCUMENTED|BLOCK|BLOCK_OPTIONAL|
method=ordinalize(number);|DOCUMENTED|
method=pluralize(word);|DOCUMENTED|
method=singularize(word);|DOCUMENTED|
method=tableize(class_name);|DOCUMENTED|
method=titleize(word);|DOCUMENTED|
method=underscore(camel_cased_word);|DOCUMENTED|


filename=gem:gems/activesupport-2.1.0/lib/active_support/inflections.rb


attrs=|CLASS|
class=Stream
class-ig=stream
extends=StringIO
filename=gem:gems/activesupport-2.1.0/lib/active_support/gzip.rb
fqn=ActiveSupport::Gzip::Stream
in=ActiveSupport::Gzip
require=active_support/gzip
requires=zlib,stringio
method=close;00


attrs=|DOCUMENTED|MODULE|;112
class=Gzip
class-ig=gzip
filename=gem:gems/activesupport-2.1.0/lib/active_support/gzip.rb
fqn=ActiveSupport::Gzip
in=ActiveSupport
require=active_support/gzip
requires=zlib,stringio
method=compress(source);|DOCUMENTED|STATIC|
method=decompress(source);|DOCUMENTED|STATIC|


attrs=|MODULE|
class=ActiveSupport
class-ig=activesupport
filename=gem:gems/activesupport-2.1.0/lib/active_support/gzip.rb
fqn=ActiveSupport
require=active_support/gzip
requires=zlib,stringio


attrs=|DOCUMENTED|;237
class=Duration
class-ig=duration
extends=BasicObject
filename=gem:gems/activesupport-2.1.0/lib/active_support/duration.rb
fqn=ActiveSupport::Duration
in=ActiveSupport
require=active_support/duration
attribute=parts
attribute=value
method=+(other);|DOCUMENTED|
method=-(other);|DOCUMENTED|
method=-@;|NODOC|
method===(other);|DOCUMENTED|
method====(other);|STATIC|NODOC|
method=ago(time);|DOCUMENTED|
method=initialize(value,parts);|PRIVATE|NODOC|
method=inspect;|NODOC|
method=is_a?(klass);|NODOC|;;boolean;
method=method_missing(method,*args,&block);|PRIVATE|NODOC|BLOCK|
method=new(value,parts);|PRIVATE|STATIC|
method=since(time);|DOCUMENTED|
method=sum(sign,time);|PROTECTED|NODOC|


attrs=|MODULE|
class=ActiveSupport
class-ig=activesupport
filename=gem:gems/activesupport-2.1.0/lib/active_support/duration.rb
fqn=ActiveSupport
require=active_support/duration


attrs=|NODOC|MODULE|
class=ClassMethods
class-ig=classmethods
filename=gem:gems/activesupport-2.1.0/lib/active_support/deprecation.rb
fqn=ActiveSupport::Deprecation::ClassMethods
in=ActiveSupport::Deprecation
require=active_support/deprecation
requires=test/unit/error,yaml
method=deprecate(*method_names);|DOCUMENTED|NODOC|
method=deprecated_method_warning(method_name,message);|NODOC|
method=deprecation_horizon;|NODOC|


attrs=|NODOC|MODULE|
class=Assertions
class-ig=assertions
filename=gem:gems/activesupport-2.1.0/lib/active_support/deprecation.rb
fqn=ActiveSupport::Deprecation::Assertions
in=ActiveSupport::Deprecation
require=active_support/deprecation
requires=test/unit/error,yaml
method=assert_deprecated(match,&block);|NODOC|BLOCK|
method=assert_not_deprecated(&block);|NODOC|BLOCK|
method=collect_deprecations;|NODOC|


attrs=|DOCUMENTED|NODOC|;151
class=DeprecatedInstanceVariableProxy
class-ig=deprecatedinstancevariableproxy
field=instance;|NODOC
field=method;|NODOC
field=var;|NODOC
filename=gem:gems/activesupport-2.1.0/lib/active_support/deprecation.rb
fqn=ActiveSupport::Deprecation::DeprecatedInstanceVariableProxy
in=ActiveSupport::Deprecation
require=active_support/deprecation
requires=test/unit/error,yaml
method=initialize(instance,method,var);|PRIVATE|NODOC|
method=inspect;|DOCUMENTED|NODOC|
method=method_missing(called,*args,&block);|PRIVATE|NODOC|BLOCK|
method=new(instance,method,var);|PRIVATE|STATIC|NODOC|
method=target;|PRIVATE|NODOC|
method=warn(callstack,called,args);|PRIVATE|NODOC|


attrs=|NODOC|MODULE|
class=Deprecation
class-ig=deprecation
constant=DEFAULT_BEHAVIORS
filename=gem:gems/activesupport-2.1.0/lib/active_support/deprecation.rb
fqn=ActiveSupport::Deprecation
in=ActiveSupport
require=active_support/deprecation
requires=test/unit/error,yaml
attribute=silenced
method=default_behavior;|STATIC|NODOC|
method=deprecation_caller_message(callstack);|PRIVATE|STATIC|NODOC|
method=deprecation_message(callstack,message);|PRIVATE|STATIC|NODOC|
method=extract_callstack(callstack);|PRIVATE|STATIC|NODOC|
method=silence;|DOCUMENTED|STATIC|NODOC|
method=silenced?;|DOCUMENTED|STATIC|NODOC|;;boolean;
method=warn(message,callstack);|STATIC|NODOC|


attrs=|MODULE|
class=ActiveSupport
class-ig=activesupport
filename=gem:gems/activesupport-2.1.0/lib/active_support/deprecation.rb
fqn=ActiveSupport
require=active_support/deprecation
requires=test/unit/error,yaml


attrs=|CLASS|
class=Module
class-ig=module
filename=gem:gems/activesupport-2.1.0/lib/active_support/deprecation.rb
fqn=Module
includes=ActiveSupport::Deprecation::ClassMethods
require=active_support/deprecation
requires=test/unit/error,yaml


attrs=|CLASS|
class=TestCase
class-ig=testcase
filename=gem:gems/activesupport-2.1.0/lib/active_support/deprecation.rb
fqn=Test::Unit::TestCase
in=Test::Unit
includes=ActiveSupport::Deprecation::Assertions
require=active_support/deprecation
requires=test/unit/error,yaml


attrs=|NODOC|
class=Error
class-ig=error
filename=gem:gems/activesupport-2.1.0/lib/active_support/deprecation.rb
fqn=Test::Unit::Error
in=Test::Unit
require=active_support/deprecation
requires=test/unit/error,yaml
method=message_with_silenced_deprecation;|DOCUMENTED|NODOC|


attrs=|MODULE|
class=Unit
class-ig=unit
filename=gem:gems/activesupport-2.1.0/lib/active_support/deprecation.rb
fqn=Test::Unit
in=Test
require=active_support/deprecation
requires=test/unit/error,yaml


attrs=|MODULE|
class=Test
class-ig=test
filename=gem:gems/activesupport-2.1.0/lib/active_support/deprecation.rb
fqn=Test
require=active_support/deprecation
requires=test/unit/error,yaml


attrs=|NODOC|
class=LoadingModule
class-ig=loadingmodule
filename=gem:gems/activesupport-2.1.0/lib/active_support/dependencies.rb
fqn=Dependencies::LoadingModule
in=Dependencies
require=active_support/dependencies
requires=active_support/core_ext/kernel,set,active_support/core_ext/module/attribute_accessors,active_support/core_ext/load_error
method=root(*args);|DOCUMENTED|STATIC|NODOC|


attrs=|NODOC|MODULE|
class=Dependencies
class-ig=dependencies
filename=gem:gems/activesupport-2.1.0/lib/active_support/dependencies.rb
fqn=Dependencies
require=active_support/dependencies
requires=active_support/core_ext/kernel,set,active_support/core_ext/module/attribute_accessors,active_support/core_ext/load_error
method=associate_with(file_name);|NODOC|
method=autoload_module!(into,const_name,qualified_name,path_suffix);|DOCUMENTED|NODOC|
method=autoloadable_module?(path_suffix);|DOCUMENTED|NODOC|;;boolean;
method=autoloaded?(desc);|DOCUMENTED|NODOC|;;boolean;
method=clear;|NODOC|
method=depend_on(file_name,swallow_load_errors);|NODOC|
method=load?;|NODOC|;;boolean;
method=load_file(path,const_paths);|DOCUMENTED|NODOC|
method=load_missing_constant(from_mod,const_name);|DOCUMENTED|NODOC|
method=load_once_path?(path);|NODOC|;;boolean;
method=loadable_constants_for_path(path,bases);|DOCUMENTED|NODOC|
method=log(msg);|NODOC|
method=log_call(*args);|NODOC|
method=mark_for_unload(const_desc);|DOCUMENTED|NODOC|
method=new_constants_in(*descs);|DOCUMENTED|NODOC|
method=qualified_const_defined?(path);|DOCUMENTED|NODOC|;;boolean;
method=qualified_name_for(mod,name);|DOCUMENTED|NODOC|
method=remove_constant(const);|NODOC|
method=remove_unloadable_constants!;|DOCUMENTED|NODOC|
method=require_or_load(file_name,const_path);|NODOC|
method=search_for_file(path_suffix);|DOCUMENTED|NODOC|
method=to_constant_name(desc);|DOCUMENTED|NODOC|
method=uninherited_const_defined?(mod,const);|NODOC|;;boolean;
method=uninherited_const_defined?(mod,const);|DOCUMENTED|NODOC|;;boolean;
method=will_unload?(const_desc);|DOCUMENTED|NODOC|;;boolean;


attrs=|NODOC|
class=Module
class-ig=module
filename=gem:gems/activesupport-2.1.0/lib/active_support/dependencies.rb
fqn=Module
require=active_support/dependencies
requires=active_support/core_ext/kernel,set,active_support/core_ext/module/attribute_accessors,active_support/core_ext/load_error
method=const_missing(class_id);|DOCUMENTED|NODOC|
method=unloadable(const_desc);|NODOC|


attrs=|CLASS|
class=Class
class-ig=class
filename=gem:gems/activesupport-2.1.0/lib/active_support/dependencies.rb
fqn=Class
require=active_support/dependencies
requires=active_support/core_ext/kernel,set,active_support/core_ext/module/attribute_accessors,active_support/core_ext/load_error
method=const_missing(const_name);00


attrs=|CLASS|
class=Object
class-ig=object
filename=gem:gems/activesupport-2.1.0/lib/active_support/dependencies.rb
fqn=Object
require=active_support/dependencies
requires=active_support/core_ext/kernel,set,active_support/core_ext/module/attribute_accessors,active_support/core_ext/load_error
method=load(file,*extras);|NODOC|
method=require(file,*extras);|NODOC|
method=unloadable(const_desc);|DOCUMENTED|


attrs=|DOCUMENTED|NODOC|;32
class=Exception
class-ig=exception
field=blamed_files;|NODOC
filename=gem:gems/activesupport-2.1.0/lib/active_support/dependencies.rb
fqn=Exception
require=active_support/dependencies
requires=active_support/core_ext/kernel,set,active_support/core_ext/module/attribute_accessors,active_support/core_ext/load_error
method=blame_file!(file);|NODOC|
method=blamed_files;|NODOC|
method=copy_blame!(exc);|NODOC|
method=describe_blame;|NODOC|


filename=gem:gems/activesupport-2.1.0/lib/active_support/core_ext.rb


attrs=|CLASS|
class=Formatter
class-ig=formatter
constant=Format
filename=gem:gems/activesupport-2.1.0/lib/active_support/clean_logger.rb
fqn=Logger::Formatter
in=Logger
require=active_support/clean_logger
requires=active_support/core_ext/class/attribute_accessors,logger
attribute=datetime_format
method=call(severity,time,progname,msg);00
method=format_datetime(time);|PRIVATE|
method=initialize;|PRIVATE|
method=msg2str(msg);|PRIVATE|
method=new;|PRIVATE|STATIC|


attrs=|DOCUMENTED|;51
class=SimpleFormatter
class-ig=simpleformatter
extends=Logger::Formatter
filename=gem:gems/activesupport-2.1.0/lib/active_support/clean_logger.rb
fqn=Logger::SimpleFormatter
in=Logger
require=active_support/clean_logger
requires=active_support/core_ext/class/attribute_accessors,logger
method=call(severity,timestamp,progname,msg);|DOCUMENTED|


attrs=|DOCUMENTED|;390
class=Logger
class-ig=logger
filename=gem:gems/activesupport-2.1.0/lib/active_support/clean_logger.rb
fqn=Logger
require=active_support/clean_logger
requires=active_support/core_ext/class/attribute_accessors,logger
attribute=formatter
method=datetime_format;|DOCUMENTED|
method=datetime_format=(datetime_format);|DOCUMENTED|
method=format_datetime(datetime);|PRIVATE|
method=format_message(severity,timestamp,msg,progname);|PRIVATE|
method=format_message(severity,timestamp,progname,msg);|PRIVATE|
method=formatter;|DOCUMENTED|
method=msg2str(msg);|PRIVATE|
method=silence(temporary_level);|DOCUMENTED|


attrs=|CLASS|
class=CallbackChain
class-ig=callbackchain
extends=Array
filename=gem:gems/activesupport-2.1.0/lib/active_support/callbacks.rb
fqn=ActiveSupport::Callbacks::CallbackChain
in=ActiveSupport::Callbacks
require=active_support/callbacks
method=build(kind,*methods,&block);|STATIC|BLOCK|
method=delete(callback);00
method=extract_options(*methods,&block);|PRIVATE|BLOCK|
method=extract_options(*methods,&block);|PRIVATE|STATIC|BLOCK|BLOCK_OPTIONAL|
method=find(callback,&block);|BLOCK|BLOCK_OPTIONAL|
method=run(object,options,&terminator);|BLOCK|BLOCK_OPTIONAL|
method=|(chain);00


attrs=|CLASS|
class=Callback
class-ig=callback
filename=gem:gems/activesupport-2.1.0/lib/active_support/callbacks.rb
fqn=ActiveSupport::Callbacks::Callback
in=ActiveSupport::Callbacks
require=active_support/callbacks
attribute=identifier
attribute=kind
attribute=method
attribute=options
method===(other);00
method=call(*args,&block);|BLOCK|
method=dup;00
method=eql?(other);00;;boolean;
method=evaluate_method(method,*args,&block);|PRIVATE|BLOCK|
method=initialize(kind,method,options);|PRIVATE|
method=new(kind,method,options);|PRIVATE|STATIC|
method=should_run_callback?(*args);|PRIVATE|;;boolean;


attrs=|MODULE|
class=ClassMethods
class-ig=classmethods
filename=gem:gems/activesupport-2.1.0/lib/active_support/callbacks.rb
fqn=ActiveSupport::Callbacks::ClassMethods
in=ActiveSupport::Callbacks
require=active_support/callbacks
method=define_callbacks(*callbacks);00


attrs=|DOCUMENTED|MODULE|;1380
class=Callbacks
class-ig=callbacks
extendWith=ActiveSupport::Callbacks::ClassMethods
filename=gem:gems/activesupport-2.1.0/lib/active_support/callbacks.rb
fqn=ActiveSupport::Callbacks
in=ActiveSupport
require=active_support/callbacks
method=included(base);|STATIC|
method=run_callbacks(kind,options,&block);|DOCUMENTED|BLOCK|


attrs=|MODULE|
class=ActiveSupport
class-ig=activesupport
filename=gem:gems/activesupport-2.1.0/lib/active_support/callbacks.rb
fqn=ActiveSupport
require=active_support/callbacks

