
attrs=|DOCUMENTED|;1937
class=TimeWithZone
class-ig=timewithzone
field=period
field=time
field=utc
filename=gem:gems/activesupport-2.1.0/lib/active_support/time_with_zone.rb
fqn=ActiveSupport::TimeWithZone
in=ActiveSupport
includes=Comparable
require=active_support/time_with_zone
requires=tzinfo
attribute=time_zone
method=+(other);|DOCUMENTED|
method=-(other);|DOCUMENTED|
method=<=>(other);|DOCUMENTED|
method=acts_like_time?;|DOCUMENTED|;;boolean;
method=advance(options);00
method=ago(other);00
method=between?(min,max);00;;boolean;
method=dst?;00;;boolean;
method=eql?(other);00;;boolean;
method=formatted_offset(colon,alternate_utc_string);00
method=freeze;|DOCUMENTED|
method=get_period_and_ensure_valid_local_time;|PRIVATE|
method=httpdate;00
method=in_time_zone(new_zone);|DOCUMENTED|
method=initialize(utc_time,time_zone,local_time,period);|PRIVATE|
method=inspect;00
method=is_a?(klass);|DOCUMENTED|;;boolean;
method=localtime;|DOCUMENTED|
method=marshal_dump;00
method=marshal_load(variables);00
method=method_missing(sym,*args,&block);|DOCUMENTED|BLOCK|
method=new(utc_time,time_zone,local_time,period);|PRIVATE|STATIC|
method=period;|DOCUMENTED|
method=respond_to?(sym,include_priv);|DOCUMENTED|;;boolean;
method=rfc2822;00
method=since(other);00
method=strftime(format);|DOCUMENTED|
method=time;|DOCUMENTED|
method=to_a;00
method=to_datetime;00
method=to_f;00
method=to_i;00
method=to_json(options);00
method=to_s(format);|DOCUMENTED|;;String;
method=to_time;|DOCUMENTED|
method=to_yaml(options);00
method=transfer_time_values_to_utc_constructor(time);|PRIVATE|
method=usec;00
method=utc;|DOCUMENTED|
method=utc?;00;;boolean;
method=utc_offset;00
method=xmlschema;00
method=zone;|DOCUMENTED|



