Block 1:	Position 47:9-47:12	macro
Block 2:	Position 48:9-48:11	macro
Block 3:	Position 49:9-49:11	macro
Block 4:	Position 49:12-49:14	macro
Block 5:	Position 49:15-49:17	macro
Block 6:	Position 49:25-49:27	macro
Block 7:	Position 52:1-52:3	macro
Block 8:	Position 54:1-54:3	macro
Block 9:	Position 57:9-57:13	macro
Block 10:	Position 59:5-59:9	macro
Block 11:	Position 59:13-60:15	inactive
Block 12:	Position 61:7-61:11	macro
Block 13:	Position 61:12-61:16	macro
Block 14:	Position 62:9-62:11	macro
Block 15:	Position 63:6-64:11	inactive
Block 16:	Position 67:1-67:4	macro
Block 17:	Position 67:5-67:9	function
Block 18:	Position 67:10-67:13	macro
Block 19:	Position 67:14-67:18	unused
Block 20:	Position 67:26-67:30	unused
Block 21:	Position 68:5-68:7	macro
Block 22:	Position 71:9-71:10	macro
Block 23:	Position 72:9-72:14	macro
Block 24:	Position 73:10-73:15	macro
Block 25:	Position 73:16-73:17	macro
