'"module.h"', tokenID=user-include, offset=961 [23:10/961-23:20/971]
--OWNER:
    INCLUDE "module.h" [23:1/952-23:20/971]
--RESOLVED TO:
    FILE ReferencesTestCase/module.h
==============================================================
'Module', tokenID=identifier, offset=973 [25:1/973-25:7/979]
--OWNER:
    FUNCTION_DEFINITION Module()  [25:1/973-28:2/1054] ReferencesTestCase/module.cc
--RESOLVED TO:
    CLASS Module [29:1/971-70:3/2187] ReferencesTestCase/module.h
==============================================================
'Module', tokenID=identifier, offset=981 [25:9/981-25:15/987]
--OWNER:
    FUNCTION_DEFINITION Module()  [25:1/973-28:2/1054] ReferencesTestCase/module.cc
--RESOLVED TO:
    FUNCTION Module()  [31:5/998-31:14/1007] ReferencesTestCase/module.h
==============================================================
'SetDescription', tokenID=identifier, offset=996 [26:5/996-26:19/1010]
--OWNER:
    STMT Expression text='SetDescription("undefined")'
--RESOLVED TO:
    FUNCTION SetDescription(const char*)  [38:5/1335-38:50/1380] ReferencesTestCase/module.h
==============================================================
'SetVendor', tokenID=identifier, offset=1029 [27:5/1029-27:14/1038]
--OWNER:
    STMT Expression text='SetVendor("undefined")'
--RESOLVED TO:
    FUNCTION SetVendor(const char*)  [41:5/1426-41:35/1456] ReferencesTestCase/module.h
==============================================================
'Module', tokenID=identifier, offset=1056 [30:1/1056-30:7/1062]
--OWNER:
    FUNCTION_DEFINITION Module(const char*,const char*,int,int,int)  [30:1/1056-36:2/1287] ReferencesTestCase/module.cc
--RESOLVED TO:
    CLASS Module [29:1/971-70:3/2187] ReferencesTestCase/module.h
==============================================================
'Module', tokenID=identifier, offset=1064 [30:9/1064-30:15/1070]
--OWNER:
    FUNCTION_DEFINITION Module(const char*,const char*,int,int,int)  [30:1/1056-36:2/1287] ReferencesTestCase/module.cc
--RESOLVED TO:
    FUNCTION Module(const char*,const char*,int,int,int)  [32:5/1012-32:92/1099] ReferencesTestCase/module.h
==============================================================
'_description', tokenID=identifier, offset=1083 [30:28/1083-30:40/1095]
--OWNER:
    VARIABLE _description [30:16/1071-30:40/1095] ReferencesTestCase/module.cc  TYPE: const *char TEXT=const char*  [30:16/1071-30:27/1082]  INIT: null  SCOPE: Module 
--RESOLVED TO:
    VARIABLE _description [30:16/1071-30:40/1095] ReferencesTestCase/module.cc  TYPE: const *char TEXT=const char*  [30:16/1071-30:27/1082]  INIT: null  SCOPE: Module 
==============================================================
'_vendor', tokenID=identifier, offset=1109 [30:54/1109-30:61/1116]
--OWNER:
    VARIABLE _vendor [30:42/1097-30:61/1116] ReferencesTestCase/module.cc  TYPE: const *char TEXT=const char*  [30:42/1097-30:53/1108]  INIT: null  SCOPE: Module 
--RESOLVED TO:
    VARIABLE _vendor [30:42/1097-30:61/1116] ReferencesTestCase/module.cc  TYPE: const *char TEXT=const char*  [30:42/1097-30:53/1108]  INIT: null  SCOPE: Module 
==============================================================
'_type', tokenID=identifier, offset=1122 [30:67/1122-30:72/1127]
--OWNER:
    VARIABLE _type [30:63/1118-30:72/1127] ReferencesTestCase/module.cc  TYPE: int TEXT=int  [30:63/1118-30:66/1121]  INIT: null  SCOPE: Module 
--RESOLVED TO:
    VARIABLE _type [30:63/1118-30:72/1127] ReferencesTestCase/module.cc  TYPE: int TEXT=int  [30:63/1118-30:66/1121]  INIT: null  SCOPE: Module 
==============================================================
'_category', tokenID=identifier, offset=1133 [30:78/1133-30:87/1142]
--OWNER:
    VARIABLE _category [30:74/1129-30:87/1142] ReferencesTestCase/module.cc  TYPE: int TEXT=int  [30:74/1129-30:77/1132]  INIT: null  SCOPE: Module 
--RESOLVED TO:
    VARIABLE _category [30:74/1129-30:87/1142] ReferencesTestCase/module.cc  TYPE: int TEXT=int  [30:74/1129-30:77/1132]  INIT: null  SCOPE: Module 
==============================================================
'_units', tokenID=identifier, offset=1148 [30:93/1148-30:99/1154]
--OWNER:
    VARIABLE _units [30:89/1144-30:99/1154] ReferencesTestCase/module.cc  TYPE: int TEXT=int  [30:89/1144-30:92/1147]  INIT: null  SCOPE: Module 
--RESOLVED TO:
    VARIABLE _units [30:89/1144-30:99/1154] ReferencesTestCase/module.cc  TYPE: int TEXT=int  [30:89/1144-30:92/1147]  INIT: null  SCOPE: Module 
==============================================================
'SetDescription', tokenID=identifier, offset=1162 [31:5/1162-31:19/1176]
--OWNER:
    STMT Expression text='SetDescription(_description)'
--RESOLVED TO:
    FUNCTION SetDescription(const char*)  [38:5/1335-38:50/1380] ReferencesTestCase/module.h
==============================================================
'_description', tokenID=identifier, offset=1177 [31:20/1177-31:32/1189]
--OWNER:
    STMT Expression text='SetDescription(_description)'
--RESOLVED TO:
    VARIABLE _description [30:16/1071-30:40/1095] ReferencesTestCase/module.cc  TYPE: const *char TEXT=const char*  [30:16/1071-30:27/1082]  INIT: null  SCOPE: Module 
==============================================================
'SetVendor', tokenID=identifier, offset=1196 [32:5/1196-32:14/1205]
--OWNER:
    STMT Expression text='SetVendor(_vendor)'
--RESOLVED TO:
    FUNCTION SetVendor(const char*)  [41:5/1426-41:35/1456] ReferencesTestCase/module.h
==============================================================
'_vendor', tokenID=identifier, offset=1206 [32:15/1206-32:22/1213]
--OWNER:
    STMT Expression text='SetVendor(_vendor)'
--RESOLVED TO:
    VARIABLE _vendor [30:42/1097-30:61/1116] ReferencesTestCase/module.cc  TYPE: const *char TEXT=const char*  [30:42/1097-30:53/1108]  INIT: null  SCOPE: Module 
==============================================================
'SetType', tokenID=identifier, offset=1220 [33:5/1220-33:12/1227]
--OWNER:
    STMT Expression text='SetType(_type)'
--RESOLVED TO:
    FUNCTION SetType(int)  [44:5/1497-44:28/1520] ReferencesTestCase/module.h
==============================================================
'_type', tokenID=identifier, offset=1228 [33:13/1228-33:18/1233]
--OWNER:
    STMT Expression text='SetType(_type)'
--RESOLVED TO:
    VARIABLE _type [30:63/1118-30:72/1127] ReferencesTestCase/module.cc  TYPE: int TEXT=int  [30:63/1118-30:66/1121]  INIT: null  SCOPE: Module 
==============================================================
'SetCategory', tokenID=identifier, offset=1240 [34:5/1240-34:16/1251]
--OWNER:
    STMT Expression text='SetCategory(_category)'
--RESOLVED TO:
    FUNCTION SetCategory(int)  [48:5/1598-48:36/1629] ReferencesTestCase/module.h
==============================================================
'_category', tokenID=identifier, offset=1252 [34:17/1252-34:26/1261]
--OWNER:
    STMT Expression text='SetCategory(_category)'
--RESOLVED TO:
    VARIABLE _category [30:74/1129-30:87/1142] ReferencesTestCase/module.cc  TYPE: int TEXT=int  [30:74/1129-30:77/1132]  INIT: null  SCOPE: Module 
==============================================================
'SetUnits', tokenID=identifier, offset=1268 [35:5/1268-35:13/1276]
--OWNER:
    STMT Expression text='SetUnits(_units)'
--RESOLVED TO:
    FUNCTION SetUnits(int)  [52:5/1715-52:26/1736] ReferencesTestCase/module.h
==============================================================
'_units', tokenID=identifier, offset=1277 [35:14/1277-35:20/1283]
--OWNER:
    STMT Expression text='SetUnits(_units)'
--RESOLVED TO:
    VARIABLE _units [30:89/1144-30:99/1154] ReferencesTestCase/module.cc  TYPE: int TEXT=int  [30:89/1144-30:92/1147]  INIT: null  SCOPE: Module 
==============================================================
'Module', tokenID=identifier, offset=1308 [39:1/1308-39:7/1314]
--OWNER:
    FUNCTION_DEFINITION Module(const Module&)  [39:1/1308-45:2/1513] ReferencesTestCase/module.cc
--RESOLVED TO:
    CLASS Module [29:1/971-70:3/2187] ReferencesTestCase/module.h
==============================================================
'Module', tokenID=identifier, offset=1316 [39:9/1316-39:15/1322]
--OWNER:
    FUNCTION_DEFINITION Module(const Module&)  [39:1/1308-45:2/1513] ReferencesTestCase/module.cc
--RESOLVED TO:
    FUNCTION Module(const Module&)  [35:5/1203-35:31/1229] ReferencesTestCase/module.h
==============================================================
'Module', tokenID=identifier, offset=1329 [39:22/1329-39:28/1335]
--OWNER:
    TYPE const &Module TEXT=const Module&  [39:16/1323-39:29/1336] ReferencesTestCase/module.cc
--RESOLVED TO:
    CLASS Module [29:1/971-70:3/2187] ReferencesTestCase/module.h
==============================================================
'obj', tokenID=identifier, offset=1337 [39:30/1337-39:33/1340]
--OWNER:
    VARIABLE obj [39:16/1323-39:33/1340] ReferencesTestCase/module.cc  TYPE: const &Module TEXT=const Module&  [39:16/1323-39:29/1336]  INIT: null  SCOPE: Module 
--RESOLVED TO:
    VARIABLE obj [39:16/1323-39:33/1340] ReferencesTestCase/module.cc  TYPE: const &Module TEXT=const Module&  [39:16/1323-39:29/1336]  INIT: null  SCOPE: Module 
==============================================================
'SetDescription', tokenID=identifier, offset=1348 [40:5/1348-40:19/1362]
--OWNER:
    STMT Expression text='SetDescription(obj.GetDescription())'
--RESOLVED TO:
    FUNCTION SetDescription(const char*)  [38:5/1335-38:50/1380] ReferencesTestCase/module.h
==============================================================
'obj', tokenID=identifier, offset=1363 [40:20/1363-40:23/1366]
--OWNER:
    STMT Expression text='SetDescription(obj.GetDescription())'
--RESOLVED TO:
    VARIABLE obj [39:16/1323-39:33/1340] ReferencesTestCase/module.cc  TYPE: const &Module TEXT=const Module&  [39:16/1323-39:29/1336]  INIT: null  SCOPE: Module 
==============================================================
'GetDescription', tokenID=identifier, offset=1367 [40:24/1367-40:38/1381]
--OWNER:
    STMT Expression text='SetDescription(obj.GetDescription())'
--RESOLVED TO:
    FUNCTION GetDescription() const  [39:5/1385-39:40/1420] ReferencesTestCase/module.h
==============================================================
'SetVendor', tokenID=identifier, offset=1390 [41:5/1390-41:14/1399]
--OWNER:
    STMT Expression text='SetVendor(obj.GetVendor())'
--RESOLVED TO:
    FUNCTION SetVendor(const char*)  [41:5/1426-41:35/1456] ReferencesTestCase/module.h
==============================================================
'obj', tokenID=identifier, offset=1400 [41:15/1400-41:18/1403]
--OWNER:
    STMT Expression text='SetVendor(obj.GetVendor())'
--RESOLVED TO:
    VARIABLE obj [39:16/1323-39:33/1340] ReferencesTestCase/module.cc  TYPE: const &Module TEXT=const Module&  [39:16/1323-39:29/1336]  INIT: null  SCOPE: Module 
==============================================================
'GetVendor', tokenID=identifier, offset=1404 [41:19/1404-41:28/1413]
--OWNER:
    STMT Expression text='SetVendor(obj.GetVendor())'
--RESOLVED TO:
    FUNCTION GetVendor() const  [42:5/1461-42:35/1491] ReferencesTestCase/module.h
==============================================================
'SetType', tokenID=identifier, offset=1422 [42:5/1422-42:12/1429]
--OWNER:
    STMT Expression text='SetType(obj.type)'
--RESOLVED TO:
    FUNCTION SetType(int)  [44:5/1497-44:28/1520] ReferencesTestCase/module.h
==============================================================
'obj', tokenID=identifier, offset=1430 [42:13/1430-42:16/1433]
--OWNER:
    STMT Expression text='SetType(obj.type)'
--RESOLVED TO:
    VARIABLE obj [39:16/1323-39:33/1340] ReferencesTestCase/module.cc  TYPE: const &Module TEXT=const Module&  [39:16/1323-39:29/1336]  INIT: null  SCOPE: Module 
==============================================================
'type', tokenID=identifier, offset=1434 [42:17/1434-42:21/1438]
--OWNER:
    STMT Expression text='SetType(obj.type)'
--RESOLVED TO:
    VARIABLE type [64:5/2032-64:18/2045] ReferencesTestCase/module.h  TYPE: int TEXT=int  [64:5/2032-64:8/2035]  INIT: null  SCOPE: Module 
==============================================================
'SetUnits', tokenID=identifier, offset=1445 [43:5/1445-43:13/1453]
--OWNER:
    STMT Expression text='SetUnits(obj.units)'
--RESOLVED TO:
    FUNCTION SetUnits(int)  [52:5/1715-52:26/1736] ReferencesTestCase/module.h
==============================================================
'obj', tokenID=identifier, offset=1454 [43:14/1454-43:17/1457]
--OWNER:
    STMT Expression text='SetUnits(obj.units)'
--RESOLVED TO:
    VARIABLE obj [39:16/1323-39:33/1340] ReferencesTestCase/module.cc  TYPE: const &Module TEXT=const Module&  [39:16/1323-39:29/1336]  INIT: null  SCOPE: Module 
==============================================================
'units', tokenID=identifier, offset=1458 [43:18/1458-43:23/1463]
--OWNER:
    STMT Expression text='SetUnits(obj.units)'
--RESOLVED TO:
    VARIABLE units [66:5/2072-66:19/2086] ReferencesTestCase/module.h  TYPE: int TEXT=int  [66:5/2072-66:8/2075]  INIT: null  SCOPE: Module 
==============================================================
'SetSupportMetric', tokenID=identifier, offset=1470 [44:5/1470-44:21/1486]
--OWNER:
    STMT Expression text='SetSupportMetric(obj.GetSupportMetric())'
--RESOLVED TO:
    FUNCTION SetSupportMetric(int)  [55:5/1768-55:34/1797] ReferencesTestCase/module.h
==============================================================
'obj', tokenID=identifier, offset=1487 [44:22/1487-44:25/1490]
--OWNER:
    STMT Expression text='SetSupportMetric(obj.GetSupportMetric())'
--RESOLVED TO:
    VARIABLE obj [39:16/1323-39:33/1340] ReferencesTestCase/module.cc  TYPE: const &Module TEXT=const Module&  [39:16/1323-39:29/1336]  INIT: null  SCOPE: Module 
==============================================================
'GetSupportMetric', tokenID=identifier, offset=1491 [44:26/1491-44:42/1507]
--OWNER:
    STMT Expression text='SetSupportMetric(obj.GetSupportMetric())'
--RESOLVED TO:
    FUNCTION GetSupportMetric() const  [56:5/1802-56:34/1831] ReferencesTestCase/module.h
==============================================================
'Module', tokenID=identifier, offset=1515 [47:1/1515-47:7/1521]
--OWNER:
    TYPE &Module TEXT=Module&  [47:1/1515-47:8/1522] ReferencesTestCase/module.cc
--RESOLVED TO:
    CLASS Module [29:1/971-70:3/2187] ReferencesTestCase/module.h
==============================================================
'Module', tokenID=identifier, offset=1523 [47:9/1523-47:15/1529]
--OWNER:
    FUNCTION_DEFINITION operator =(const Module&)  [47:1/1515-55:2/1755] ReferencesTestCase/module.cc
--RESOLVED TO:
    CLASS Module [29:1/971-70:3/2187] ReferencesTestCase/module.h
==============================================================
'Module', tokenID=identifier, offset=1548 [47:34/1548-47:40/1554]
--OWNER:
    TYPE const &Module TEXT=const Module&  [47:28/1542-47:41/1555] ReferencesTestCase/module.cc
--RESOLVED TO:
    CLASS Module [29:1/971-70:3/2187] ReferencesTestCase/module.h
==============================================================
'obj', tokenID=identifier, offset=1556 [47:42/1556-47:45/1559]
--OWNER:
    VARIABLE obj [47:28/1542-47:45/1559] ReferencesTestCase/module.cc  TYPE: const &Module TEXT=const Module&  [47:28/1542-47:41/1555]  INIT: null  SCOPE: operator = 
--RESOLVED TO:
    VARIABLE obj [47:28/1542-47:45/1559] ReferencesTestCase/module.cc  TYPE: const &Module TEXT=const Module&  [47:28/1542-47:41/1555]  INIT: null  SCOPE: operator = 
==============================================================
'SetDescription', tokenID=identifier, offset=1567 [48:5/1567-48:19/1581]
--OWNER:
    STMT Expression text='SetDescription(obj.GetDescription())'
--RESOLVED TO:
    FUNCTION SetDescription(const char*)  [38:5/1335-38:50/1380] ReferencesTestCase/module.h
==============================================================
'obj', tokenID=identifier, offset=1582 [48:20/1582-48:23/1585]
--OWNER:
    STMT Expression text='SetDescription(obj.GetDescription())'
--RESOLVED TO:
    VARIABLE obj [47:28/1542-47:45/1559] ReferencesTestCase/module.cc  TYPE: const &Module TEXT=const Module&  [47:28/1542-47:41/1555]  INIT: null  SCOPE: operator = 
==============================================================
'GetDescription', tokenID=identifier, offset=1586 [48:24/1586-48:38/1600]
--OWNER:
    STMT Expression text='SetDescription(obj.GetDescription())'
--RESOLVED TO:
    FUNCTION GetDescription() const  [39:5/1385-39:40/1420] ReferencesTestCase/module.h
==============================================================
'SetVendor', tokenID=identifier, offset=1609 [49:5/1609-49:14/1618]
--OWNER:
    STMT Expression text='SetVendor(obj.GetVendor())'
--RESOLVED TO:
    FUNCTION SetVendor(const char*)  [41:5/1426-41:35/1456] ReferencesTestCase/module.h
==============================================================
'obj', tokenID=identifier, offset=1619 [49:15/1619-49:18/1622]
--OWNER:
    STMT Expression text='SetVendor(obj.GetVendor())'
--RESOLVED TO:
    VARIABLE obj [47:28/1542-47:45/1559] ReferencesTestCase/module.cc  TYPE: const &Module TEXT=const Module&  [47:28/1542-47:41/1555]  INIT: null  SCOPE: operator = 
==============================================================
'GetVendor', tokenID=identifier, offset=1623 [49:19/1623-49:28/1632]
--OWNER:
    STMT Expression text='SetVendor(obj.GetVendor())'
--RESOLVED TO:
    FUNCTION GetVendor() const  [42:5/1461-42:35/1491] ReferencesTestCase/module.h
==============================================================
'SetType', tokenID=identifier, offset=1641 [50:5/1641-50:12/1648]
--OWNER:
    STMT Expression text='SetType(obj.type)'
--RESOLVED TO:
    FUNCTION SetType(int)  [44:5/1497-44:28/1520] ReferencesTestCase/module.h
==============================================================
'obj', tokenID=identifier, offset=1649 [50:13/1649-50:16/1652]
--OWNER:
    STMT Expression text='SetType(obj.type)'
--RESOLVED TO:
    VARIABLE obj [47:28/1542-47:45/1559] ReferencesTestCase/module.cc  TYPE: const &Module TEXT=const Module&  [47:28/1542-47:41/1555]  INIT: null  SCOPE: operator = 
==============================================================
'type', tokenID=identifier, offset=1653 [50:17/1653-50:21/1657]
--OWNER:
    STMT Expression text='SetType(obj.type)'
--RESOLVED TO:
    VARIABLE type [64:5/2032-64:18/2045] ReferencesTestCase/module.h  TYPE: int TEXT=int  [64:5/2032-64:8/2035]  INIT: null  SCOPE: Module 
==============================================================
'SetUnits', tokenID=identifier, offset=1664 [51:5/1664-51:13/1672]
--OWNER:
    STMT Expression text='SetUnits(obj.units)'
--RESOLVED TO:
    FUNCTION SetUnits(int)  [52:5/1715-52:26/1736] ReferencesTestCase/module.h
==============================================================
'obj', tokenID=identifier, offset=1673 [51:14/1673-51:17/1676]
--OWNER:
    STMT Expression text='SetUnits(obj.units)'
--RESOLVED TO:
    VARIABLE obj [47:28/1542-47:45/1559] ReferencesTestCase/module.cc  TYPE: const &Module TEXT=const Module&  [47:28/1542-47:41/1555]  INIT: null  SCOPE: operator = 
==============================================================
'units', tokenID=identifier, offset=1677 [51:18/1677-51:23/1682]
--OWNER:
    STMT Expression text='SetUnits(obj.units)'
--RESOLVED TO:
    VARIABLE units [66:5/2072-66:19/2086] ReferencesTestCase/module.h  TYPE: int TEXT=int  [66:5/2072-66:8/2075]  INIT: null  SCOPE: Module 
==============================================================
'SetSupportMetric', tokenID=identifier, offset=1689 [52:5/1689-52:21/1705]
--OWNER:
    STMT Expression text='SetSupportMetric(obj.GetSupportMetric())'
--RESOLVED TO:
    FUNCTION SetSupportMetric(int)  [55:5/1768-55:34/1797] ReferencesTestCase/module.h
==============================================================
'obj', tokenID=identifier, offset=1706 [52:22/1706-52:25/1709]
--OWNER:
    STMT Expression text='SetSupportMetric(obj.GetSupportMetric())'
--RESOLVED TO:
    VARIABLE obj [47:28/1542-47:45/1559] ReferencesTestCase/module.cc  TYPE: const &Module TEXT=const Module&  [47:28/1542-47:41/1555]  INIT: null  SCOPE: operator = 
==============================================================
'GetSupportMetric', tokenID=identifier, offset=1710 [52:26/1710-52:42/1726]
--OWNER:
    STMT Expression text='SetSupportMetric(obj.GetSupportMetric())'
--RESOLVED TO:
    FUNCTION GetSupportMetric() const  [56:5/1802-56:34/1831] ReferencesTestCase/module.h
==============================================================
'Module', tokenID=identifier, offset=1757 [57:1/1757-57:7/1763]
--OWNER:
    FUNCTION_DEFINITION ~Module()  [57:1/1757-58:2/1778] ReferencesTestCase/module.cc
--RESOLVED TO:
    CLASS Module [29:1/971-70:3/2187] ReferencesTestCase/module.h
==============================================================
'Module', tokenID=identifier, offset=1766 [57:10/1766-57:16/1772]
--OWNER:
    FUNCTION_DEFINITION ~Module()  [57:1/1757-58:2/1778] ReferencesTestCase/module.cc
--RESOLVED TO:
    FUNCTION ~Module()  [33:5/1104-33:23/1122] ReferencesTestCase/module.h
==============================================================
'Module', tokenID=identifier, offset=1785 [60:6/1785-60:12/1791]
--OWNER:
    FUNCTION_DEFINITION SetDescription(const char*)  [60:1/1780-62:2/1875] ReferencesTestCase/module.cc
--RESOLVED TO:
    CLASS Module [29:1/971-70:3/2187] ReferencesTestCase/module.h
==============================================================
'SetDescription', tokenID=identifier, offset=1793 [60:14/1793-60:28/1807]
--OWNER:
    FUNCTION_DEFINITION SetDescription(const char*)  [60:1/1780-62:2/1875] ReferencesTestCase/module.cc
--RESOLVED TO:
    FUNCTION SetDescription(const char*)  [38:5/1335-38:50/1380] ReferencesTestCase/module.h
==============================================================
'new_description', tokenID=identifier, offset=1820 [60:41/1820-60:56/1835]
--OWNER:
    VARIABLE new_description [60:29/1808-60:56/1835] ReferencesTestCase/module.cc  TYPE: const *char TEXT=const char*  [60:29/1808-60:40/1819]  INIT: null  SCOPE: SetDescription 
--RESOLVED TO:
    VARIABLE new_description [60:29/1808-60:56/1835] ReferencesTestCase/module.cc  TYPE: const *char TEXT=const char*  [60:29/1808-60:40/1819]  INIT: null  SCOPE: SetDescription 
==============================================================
'description', tokenID=identifier, offset=1843 [61:5/1843-61:16/1854]
--OWNER:
    STMT Expression text='description = new_description'
--RESOLVED TO:
    VARIABLE description [62:5/1947-62:25/1967] ReferencesTestCase/module.h  TYPE: $unresolved$::string TEXT=string  [62:5/1947-62:11/1953]  INIT: null  SCOPE: Module 
==============================================================
'new_description', tokenID=identifier, offset=1857 [61:19/1857-61:34/1872]
--OWNER:
    STMT Expression text='description = new_description'
--RESOLVED TO:
    VARIABLE new_description [60:29/1808-60:56/1835] ReferencesTestCase/module.cc  TYPE: const *char TEXT=const char*  [60:29/1808-60:40/1819]  INIT: null  SCOPE: SetDescription 
==============================================================
'Module', tokenID=identifier, offset=1889 [64:13/1889-64:19/1895]
--OWNER:
    FUNCTION_DEFINITION GetDescription() const  [64:1/1877-66:2/1955] ReferencesTestCase/module.cc
--RESOLVED TO:
    CLASS Module [29:1/971-70:3/2187] ReferencesTestCase/module.h
==============================================================
'GetDescription', tokenID=identifier, offset=1897 [64:21/1897-64:35/1911]
--OWNER:
    FUNCTION_DEFINITION GetDescription() const  [64:1/1877-66:2/1955] ReferencesTestCase/module.cc
--RESOLVED TO:
    FUNCTION GetDescription() const  [39:5/1385-39:40/1420] ReferencesTestCase/module.h
==============================================================
'description', tokenID=identifier, offset=1933 [65:12/1933-65:23/1944]
--OWNER:
    STMT Return text='return description.c_str();'
--RESOLVED TO:
    VARIABLE description [62:5/1947-62:25/1967] ReferencesTestCase/module.h  TYPE: $unresolved$::string TEXT=string  [62:5/1947-62:11/1953]  INIT: null  SCOPE: Module 
==============================================================
'c_str', tokenID=identifier, offset=1945 [65:24/1945-65:29/1950]
--OWNER:
    STMT Return text='return description.c_str();'
--RESOLVED TO:
    null
==============================================================
'Module', tokenID=identifier, offset=1962 [68:6/1962-68:12/1968]
--OWNER:
    FUNCTION_DEFINITION SetVendor(const char*)  [68:1/1957-70:2/2032] ReferencesTestCase/module.cc
--RESOLVED TO:
    CLASS Module [29:1/971-70:3/2187] ReferencesTestCase/module.h
==============================================================
'SetVendor', tokenID=identifier, offset=1970 [68:14/1970-68:23/1979]
--OWNER:
    FUNCTION_DEFINITION SetVendor(const char*)  [68:1/1957-70:2/2032] ReferencesTestCase/module.cc
--RESOLVED TO:
    FUNCTION SetVendor(const char*)  [41:5/1426-41:35/1456] ReferencesTestCase/module.h
==============================================================
'new_vendor', tokenID=identifier, offset=1992 [68:36/1992-68:46/2002]
--OWNER:
    VARIABLE new_vendor [68:24/1980-68:46/2002] ReferencesTestCase/module.cc  TYPE: const *char TEXT=const char*  [68:24/1980-68:35/1991]  INIT: null  SCOPE: SetVendor 
--RESOLVED TO:
    VARIABLE new_vendor [68:24/1980-68:46/2002] ReferencesTestCase/module.cc  TYPE: const *char TEXT=const char*  [68:24/1980-68:35/1991]  INIT: null  SCOPE: SetVendor 
==============================================================
'vendor', tokenID=identifier, offset=2010 [69:5/2010-69:11/2016]
--OWNER:
    STMT Expression text='vendor = new_vendor'
--RESOLVED TO:
    VARIABLE vendor [63:5/1972-63:20/1987] ReferencesTestCase/module.h  TYPE: $unresolved$::string TEXT=string  [63:5/1972-63:11/1978]  INIT: null  SCOPE: Module 
==============================================================
'new_vendor', tokenID=identifier, offset=2019 [69:14/2019-69:24/2029]
--OWNER:
    STMT Expression text='vendor = new_vendor'
--RESOLVED TO:
    VARIABLE new_vendor [68:24/1980-68:46/2002] ReferencesTestCase/module.cc  TYPE: const *char TEXT=const char*  [68:24/1980-68:35/1991]  INIT: null  SCOPE: SetVendor 
==============================================================
'Module', tokenID=identifier, offset=2046 [72:13/2046-72:19/2052]
--OWNER:
    FUNCTION_DEFINITION GetVendor() const  [72:1/2034-74:2/2102] ReferencesTestCase/module.cc
--RESOLVED TO:
    CLASS Module [29:1/971-70:3/2187] ReferencesTestCase/module.h
==============================================================
'GetVendor', tokenID=identifier, offset=2054 [72:21/2054-72:30/2063]
--OWNER:
    FUNCTION_DEFINITION GetVendor() const  [72:1/2034-74:2/2102] ReferencesTestCase/module.cc
--RESOLVED TO:
    FUNCTION GetVendor() const  [42:5/1461-42:35/1491] ReferencesTestCase/module.h
==============================================================
'vendor', tokenID=identifier, offset=2085 [73:12/2085-73:18/2091]
--OWNER:
    STMT Return text='return vendor.c_str();'
--RESOLVED TO:
    VARIABLE vendor [63:5/1972-63:20/1987] ReferencesTestCase/module.h  TYPE: $unresolved$::string TEXT=string  [63:5/1972-63:11/1978]  INIT: null  SCOPE: Module 
==============================================================
'c_str', tokenID=identifier, offset=2092 [73:19/2092-73:24/2097]
--OWNER:
    STMT Return text='return vendor.c_str();'
--RESOLVED TO:
    null
==============================================================
'Module', tokenID=identifier, offset=2109 [76:6/2109-76:12/2115]
--OWNER:
    FUNCTION_DEFINITION SetType(int)  [76:1/2104-78:2/2163] ReferencesTestCase/module.cc
--RESOLVED TO:
    CLASS Module [29:1/971-70:3/2187] ReferencesTestCase/module.h
==============================================================
'SetType', tokenID=identifier, offset=2117 [76:14/2117-76:21/2124]
--OWNER:
    FUNCTION_DEFINITION SetType(int)  [76:1/2104-78:2/2163] ReferencesTestCase/module.cc
--RESOLVED TO:
    FUNCTION SetType(int)  [44:5/1497-44:28/1520] ReferencesTestCase/module.h
==============================================================
'new_type', tokenID=identifier, offset=2129 [76:26/2129-76:34/2137]
--OWNER:
    VARIABLE new_type [76:22/2125-76:34/2137] ReferencesTestCase/module.cc  TYPE: int TEXT=int  [76:22/2125-76:25/2128]  INIT: null  SCOPE: SetType 
--RESOLVED TO:
    VARIABLE new_type [76:22/2125-76:34/2137] ReferencesTestCase/module.cc  TYPE: int TEXT=int  [76:22/2125-76:25/2128]  INIT: null  SCOPE: SetType 
==============================================================
'type', tokenID=identifier, offset=2145 [77:5/2145-77:9/2149]
--OWNER:
    STMT Expression text='type = new_type'
--RESOLVED TO:
    VARIABLE type [64:5/2032-64:18/2045] ReferencesTestCase/module.h  TYPE: int TEXT=int  [64:5/2032-64:8/2035]  INIT: null  SCOPE: Module 
==============================================================
'new_type', tokenID=identifier, offset=2152 [77:12/2152-77:20/2160]
--OWNER:
    STMT Expression text='type = new_type'
--RESOLVED TO:
    VARIABLE new_type [76:22/2125-76:34/2137] ReferencesTestCase/module.cc  TYPE: int TEXT=int  [76:22/2125-76:25/2128]  INIT: null  SCOPE: SetType 
==============================================================
'Module', tokenID=identifier, offset=2169 [80:5/2169-80:11/2175]
--OWNER:
    FUNCTION_DEFINITION GetTypeID() const  [80:1/2165-82:2/2215] ReferencesTestCase/module.cc
--RESOLVED TO:
    CLASS Module [29:1/971-70:3/2187] ReferencesTestCase/module.h
==============================================================
'GetTypeID', tokenID=identifier, offset=2177 [80:13/2177-80:22/2186]
--OWNER:
    FUNCTION_DEFINITION GetTypeID() const  [80:1/2165-82:2/2215] ReferencesTestCase/module.cc
--RESOLVED TO:
    FUNCTION GetTypeID() const  [45:5/1525-45:27/1547] ReferencesTestCase/module.h
==============================================================
'type', tokenID=identifier, offset=2208 [81:12/2208-81:16/2212]
--OWNER:
    STMT Return text='return type;'
--RESOLVED TO:
    VARIABLE type [64:5/2032-64:18/2045] ReferencesTestCase/module.h  TYPE: int TEXT=int  [64:5/2032-64:8/2035]  INIT: null  SCOPE: Module 
==============================================================
'Module', tokenID=identifier, offset=2222 [84:6/2222-84:12/2228]
--OWNER:
    FUNCTION_DEFINITION SetCategory(int)  [84:1/2217-86:2/2292] ReferencesTestCase/module.cc
--RESOLVED TO:
    CLASS Module [29:1/971-70:3/2187] ReferencesTestCase/module.h
==============================================================
'SetCategory', tokenID=identifier, offset=2230 [84:14/2230-84:25/2241]
--OWNER:
    FUNCTION_DEFINITION SetCategory(int)  [84:1/2217-86:2/2292] ReferencesTestCase/module.cc
--RESOLVED TO:
    FUNCTION SetCategory(int)  [48:5/1598-48:36/1629] ReferencesTestCase/module.h
==============================================================
'new_category', tokenID=identifier, offset=2246 [84:30/2246-84:42/2258]
--OWNER:
    VARIABLE new_category [84:26/2242-84:42/2258] ReferencesTestCase/module.cc  TYPE: int TEXT=int  [84:26/2242-84:29/2245]  INIT: null  SCOPE: SetCategory 
--RESOLVED TO:
    VARIABLE new_category [84:26/2242-84:42/2258] ReferencesTestCase/module.cc  TYPE: int TEXT=int  [84:26/2242-84:29/2245]  INIT: null  SCOPE: SetCategory 
==============================================================
'category', tokenID=identifier, offset=2266 [85:5/2266-85:13/2274]
--OWNER:
    STMT Expression text='category = new_category'
--RESOLVED TO:
    VARIABLE category [65:5/2050-65:22/2067] ReferencesTestCase/module.h  TYPE: int TEXT=int  [65:5/2050-65:8/2053]  INIT: null  SCOPE: Module 
==============================================================
'new_category', tokenID=identifier, offset=2277 [85:16/2277-85:28/2289]
--OWNER:
    STMT Expression text='category = new_category'
--RESOLVED TO:
    VARIABLE new_category [84:26/2242-84:42/2258] ReferencesTestCase/module.cc  TYPE: int TEXT=int  [84:26/2242-84:29/2245]  INIT: null  SCOPE: SetCategory 
==============================================================
'Module', tokenID=identifier, offset=2298 [88:5/2298-88:11/2304]
--OWNER:
    FUNCTION_DEFINITION GetCategoryID() const  [88:1/2294-90:2/2352] ReferencesTestCase/module.cc
--RESOLVED TO:
    CLASS Module [29:1/971-70:3/2187] ReferencesTestCase/module.h
==============================================================
'GetCategoryID', tokenID=identifier, offset=2306 [88:13/2306-88:26/2319]
--OWNER:
    FUNCTION_DEFINITION GetCategoryID() const  [88:1/2294-90:2/2352] ReferencesTestCase/module.cc
--RESOLVED TO:
    FUNCTION GetCategoryID() const  [49:5/1634-49:31/1660] ReferencesTestCase/module.h
==============================================================
'category', tokenID=identifier, offset=2341 [89:12/2341-89:20/2349]
--OWNER:
    STMT Return text='return category;'
--RESOLVED TO:
    VARIABLE category [65:5/2050-65:22/2067] ReferencesTestCase/module.h  TYPE: int TEXT=int  [65:5/2050-65:8/2053]  INIT: null  SCOPE: Module 
==============================================================
'Module', tokenID=identifier, offset=2359 [92:6/2359-92:12/2365]
--OWNER:
    FUNCTION_DEFINITION SetUnits(int)  [92:1/2354-94:2/2417] ReferencesTestCase/module.cc
--RESOLVED TO:
    CLASS Module [29:1/971-70:3/2187] ReferencesTestCase/module.h
==============================================================
'SetUnits', tokenID=identifier, offset=2367 [92:14/2367-92:22/2375]
--OWNER:
    FUNCTION_DEFINITION SetUnits(int)  [92:1/2354-94:2/2417] ReferencesTestCase/module.cc
--RESOLVED TO:
    FUNCTION SetUnits(int)  [52:5/1715-52:26/1736] ReferencesTestCase/module.h
==============================================================
'new_units', tokenID=identifier, offset=2380 [92:27/2380-92:36/2389]
--OWNER:
    VARIABLE new_units [92:23/2376-92:36/2389] ReferencesTestCase/module.cc  TYPE: int TEXT=int  [92:23/2376-92:26/2379]  INIT: null  SCOPE: SetUnits 
--RESOLVED TO:
    VARIABLE new_units [92:23/2376-92:36/2389] ReferencesTestCase/module.cc  TYPE: int TEXT=int  [92:23/2376-92:26/2379]  INIT: null  SCOPE: SetUnits 
==============================================================
'units', tokenID=identifier, offset=2397 [93:5/2397-93:10/2402]
--OWNER:
    STMT Expression text='units = new_units'
--RESOLVED TO:
    VARIABLE units [66:5/2072-66:19/2086] ReferencesTestCase/module.h  TYPE: int TEXT=int  [66:5/2072-66:8/2075]  INIT: null  SCOPE: Module 
==============================================================
'new_units', tokenID=identifier, offset=2405 [93:13/2405-93:22/2414]
--OWNER:
    STMT Expression text='units = new_units'
--RESOLVED TO:
    VARIABLE new_units [92:23/2376-92:36/2389] ReferencesTestCase/module.cc  TYPE: int TEXT=int  [92:23/2376-92:26/2379]  INIT: null  SCOPE: SetUnits 
==============================================================
'Module', tokenID=identifier, offset=2423 [96:5/2423-96:11/2429]
--OWNER:
    FUNCTION_DEFINITION GetUnits() const  [96:1/2419-98:2/2469] ReferencesTestCase/module.cc
--RESOLVED TO:
    CLASS Module [29:1/971-70:3/2187] ReferencesTestCase/module.h
==============================================================
'GetUnits', tokenID=identifier, offset=2431 [96:13/2431-96:21/2439]
--OWNER:
    FUNCTION_DEFINITION GetUnits() const  [96:1/2419-98:2/2469] ReferencesTestCase/module.cc
--RESOLVED TO:
    FUNCTION GetUnits() const  [53:5/1741-53:26/1762] ReferencesTestCase/module.h
==============================================================
'units', tokenID=identifier, offset=2461 [97:12/2461-97:17/2466]
--OWNER:
    STMT Return text='return units;'
--RESOLVED TO:
    VARIABLE units [66:5/2072-66:19/2086] ReferencesTestCase/module.h  TYPE: int TEXT=int  [66:5/2072-66:8/2075]  INIT: null  SCOPE: Module 
==============================================================
'Module', tokenID=identifier, offset=2476 [100:6/2476-100:12/2482]
--OWNER:
    FUNCTION_DEFINITION SetSupportMetric(int)  [100:1/2471-102:2/2552] ReferencesTestCase/module.cc
--RESOLVED TO:
    CLASS Module [29:1/971-70:3/2187] ReferencesTestCase/module.h
==============================================================
'SetSupportMetric', tokenID=identifier, offset=2484 [100:14/2484-100:30/2500]
--OWNER:
    FUNCTION_DEFINITION SetSupportMetric(int)  [100:1/2471-102:2/2552] ReferencesTestCase/module.cc
--RESOLVED TO:
    FUNCTION SetSupportMetric(int)  [55:5/1768-55:34/1797] ReferencesTestCase/module.h
==============================================================
'new_metric', tokenID=identifier, offset=2505 [100:35/2505-100:45/2515]
--OWNER:
    VARIABLE new_metric [100:31/2501-100:45/2515] ReferencesTestCase/module.cc  TYPE: int TEXT=int  [100:31/2501-100:34/2504]  INIT: null  SCOPE: SetSupportMetric 
--RESOLVED TO:
    VARIABLE new_metric [100:31/2501-100:45/2515] ReferencesTestCase/module.cc  TYPE: int TEXT=int  [100:31/2501-100:34/2504]  INIT: null  SCOPE: SetSupportMetric 
==============================================================
'supportMetric', tokenID=identifier, offset=2523 [101:5/2523-101:18/2536]
--OWNER:
    STMT Expression text='supportMetric = new_metric'
--RESOLVED TO:
    VARIABLE supportMetric [67:5/2091-67:27/2113] ReferencesTestCase/module.h  TYPE: int TEXT=int  [67:5/2091-67:8/2094]  INIT: null  SCOPE: Module 
==============================================================
'new_metric', tokenID=identifier, offset=2539 [101:21/2539-101:31/2549]
--OWNER:
    STMT Expression text='supportMetric = new_metric'
--RESOLVED TO:
    VARIABLE new_metric [100:31/2501-100:45/2515] ReferencesTestCase/module.cc  TYPE: int TEXT=int  [100:31/2501-100:34/2504]  INIT: null  SCOPE: SetSupportMetric 
==============================================================
'Module', tokenID=identifier, offset=2558 [104:5/2558-104:11/2564]
--OWNER:
    FUNCTION_DEFINITION GetSupportMetric() const  [104:1/2554-106:2/2620] ReferencesTestCase/module.cc
--RESOLVED TO:
    CLASS Module [29:1/971-70:3/2187] ReferencesTestCase/module.h
==============================================================
'GetSupportMetric', tokenID=identifier, offset=2566 [104:13/2566-104:29/2582]
--OWNER:
    FUNCTION_DEFINITION GetSupportMetric() const  [104:1/2554-106:2/2620] ReferencesTestCase/module.cc
--RESOLVED TO:
    FUNCTION GetSupportMetric() const  [56:5/1802-56:34/1831] ReferencesTestCase/module.h
==============================================================
'supportMetric', tokenID=identifier, offset=2604 [105:12/2604-105:25/2617]
--OWNER:
    STMT Return text='return supportMetric;'
--RESOLVED TO:
    VARIABLE supportMetric [67:5/2091-67:27/2113] ReferencesTestCase/module.h  TYPE: int TEXT=int  [67:5/2091-67:8/2094]  INIT: null  SCOPE: Module 
==============================================================
'ostream', tokenID=identifier, offset=2622 [108:1/2622-108:8/2629]
--OWNER:
    TYPE &$unresolved$::ostream TEXT=ostream&  [108:1/2622-108:9/2630] ReferencesTestCase/module.cc
--RESOLVED TO:
    null
==============================================================
'ostream', tokenID=identifier, offset=2643 [108:22/2643-108:29/2650]
--OWNER:
    TYPE &$unresolved$::ostream TEXT=ostream&  [108:22/2643-108:30/2651] ReferencesTestCase/module.cc
--RESOLVED TO:
    null
==============================================================
'output', tokenID=identifier, offset=2652 [108:31/2652-108:37/2658]
--OWNER:
    VARIABLE output [108:22/2643-108:37/2658] ReferencesTestCase/module.cc  TYPE: &$unresolved$::ostream TEXT=ostream&  [108:22/2643-108:30/2651]  INIT: null  SCOPE: operator << 
--RESOLVED TO:
    VARIABLE output [108:22/2643-108:37/2658] ReferencesTestCase/module.cc  TYPE: &$unresolved$::ostream TEXT=ostream&  [108:22/2643-108:30/2651]  INIT: null  SCOPE: operator << 
==============================================================
'Module', tokenID=identifier, offset=2666 [108:45/2666-108:51/2672]
--OWNER:
    TYPE const &Module TEXT=const Module&  [108:39/2660-108:52/2673] ReferencesTestCase/module.cc
--RESOLVED TO:
    CLASS Module [29:1/971-70:3/2187] ReferencesTestCase/module.h
==============================================================
'module', tokenID=identifier, offset=2674 [108:53/2674-108:59/2680]
--OWNER:
    VARIABLE module [108:39/2660-108:59/2680] ReferencesTestCase/module.cc  TYPE: const &Module TEXT=const Module&  [108:39/2660-108:52/2673]  INIT: null  SCOPE: operator << 
--RESOLVED TO:
    VARIABLE module [108:39/2660-108:59/2680] ReferencesTestCase/module.cc  TYPE: const &Module TEXT=const Module&  [108:39/2660-108:52/2673]  INIT: null  SCOPE: operator << 
==============================================================
'output', tokenID=identifier, offset=2693 [110:5/2693-110:11/2699]
--OWNER:
    STMT Expression text='output << "** " << module.GetDescription() << " module data **" << endl'
--RESOLVED TO:
    VARIABLE output [108:22/2643-108:37/2658] ReferencesTestCase/module.cc  TYPE: &$unresolved$::ostream TEXT=ostream&  [108:22/2643-108:30/2651]  INIT: null  SCOPE: operator << 
==============================================================
'module', tokenID=identifier, offset=2712 [110:24/2712-110:30/2718]
--OWNER:
    STMT Expression text='output << "** " << module.GetDescription() << " module data **" << endl'
--RESOLVED TO:
    VARIABLE module [108:39/2660-108:59/2680] ReferencesTestCase/module.cc  TYPE: const &Module TEXT=const Module&  [108:39/2660-108:52/2673]  INIT: null  SCOPE: operator << 
==============================================================
'GetDescription', tokenID=identifier, offset=2719 [110:31/2719-110:45/2733]
--OWNER:
    STMT Expression text='output << "** " << module.GetDescription() << " module data **" << endl'
--RESOLVED TO:
    FUNCTION GetDescription() const  [39:5/1385-39:40/1420] ReferencesTestCase/module.h
==============================================================
'endl', tokenID=identifier, offset=2760 [110:72/2760-110:76/2764]
--OWNER:
    STMT Expression text='output << "** " << module.GetDescription() << " module data **" << endl'
--RESOLVED TO:
    null
==============================================================
'output', tokenID=identifier, offset=2770 [111:5/2770-111:11/2776]
--OWNER:
    STMT Expression text='output << "Module type: " << module.GetType() << endl'
--RESOLVED TO:
    VARIABLE output [108:22/2643-108:37/2658] ReferencesTestCase/module.cc  TYPE: &$unresolved$::ostream TEXT=ostream&  [108:22/2643-108:30/2651]  INIT: null  SCOPE: operator << 
==============================================================
'module', tokenID=identifier, offset=2799 [111:34/2799-111:40/2805]
--OWNER:
    STMT Expression text='output << "Module type: " << module.GetType() << endl'
--RESOLVED TO:
    VARIABLE module [108:39/2660-108:59/2680] ReferencesTestCase/module.cc  TYPE: const &Module TEXT=const Module&  [108:39/2660-108:52/2673]  INIT: null  SCOPE: operator << 
==============================================================
'GetType', tokenID=identifier, offset=2806 [111:41/2806-111:48/2813]
--OWNER:
    STMT Expression text='output << "Module type: " << module.GetType() << endl'
--RESOLVED TO:
    FUNCTION GetType() const  [46:5/1552-46:45/1592] ReferencesTestCase/module.h
==============================================================
'endl', tokenID=identifier, offset=2819 [111:54/2819-111:58/2823]
--OWNER:
    STMT Expression text='output << "Module type: " << module.GetType() << endl'
--RESOLVED TO:
    null
==============================================================
'output', tokenID=identifier, offset=2829 [112:5/2829-112:11/2835]
--OWNER:
    STMT Expression text='output << "Module category: " << module.GetCategory() << endl'
--RESOLVED TO:
    VARIABLE output [108:22/2643-108:37/2658] ReferencesTestCase/module.cc  TYPE: &$unresolved$::ostream TEXT=ostream&  [108:22/2643-108:30/2651]  INIT: null  SCOPE: operator << 
==============================================================
'module', tokenID=identifier, offset=2862 [112:38/2862-112:44/2868]
--OWNER:
    STMT Expression text='output << "Module category: " << module.GetCategory() << endl'
--RESOLVED TO:
    VARIABLE module [108:39/2660-108:59/2680] ReferencesTestCase/module.cc  TYPE: const &Module TEXT=const Module&  [108:39/2660-108:52/2673]  INIT: null  SCOPE: operator << 
==============================================================
'GetCategory', tokenID=identifier, offset=2869 [112:45/2869-112:56/2880]
--OWNER:
    STMT Expression text='output << "Module category: " << module.GetCategory() << endl'
--RESOLVED TO:
    FUNCTION GetCategory() const  [50:5/1665-50:49/1709] ReferencesTestCase/module.h
==============================================================
'endl', tokenID=identifier, offset=2886 [112:62/2886-112:66/2890]
--OWNER:
    STMT Expression text='output << "Module category: " << module.GetCategory() << endl'
--RESOLVED TO:
    null
==============================================================
'output', tokenID=identifier, offset=2896 [113:5/2896-113:11/2902]
--OWNER:
    STMT Expression text='output << "Number of sub-modules: " << module.GetUnits() << endl'
--RESOLVED TO:
    VARIABLE output [108:22/2643-108:37/2658] ReferencesTestCase/module.cc  TYPE: &$unresolved$::ostream TEXT=ostream&  [108:22/2643-108:30/2651]  INIT: null  SCOPE: operator << 
==============================================================
'module', tokenID=identifier, offset=2935 [113:44/2935-113:50/2941]
--OWNER:
    STMT Expression text='output << "Number of sub-modules: " << module.GetUnits() << endl'
--RESOLVED TO:
    VARIABLE module [108:39/2660-108:59/2680] ReferencesTestCase/module.cc  TYPE: const &Module TEXT=const Module&  [108:39/2660-108:52/2673]  INIT: null  SCOPE: operator << 
==============================================================
'GetUnits', tokenID=identifier, offset=2942 [113:51/2942-113:59/2950]
--OWNER:
    STMT Expression text='output << "Number of sub-modules: " << module.GetUnits() << endl'
--RESOLVED TO:
    FUNCTION GetUnits() const  [53:5/1741-53:26/1762] ReferencesTestCase/module.h
==============================================================
'endl', tokenID=identifier, offset=2956 [113:65/2956-113:69/2960]
--OWNER:
    STMT Expression text='output << "Number of sub-modules: " << module.GetUnits() << endl'
--RESOLVED TO:
    null
==============================================================
'output', tokenID=identifier, offset=2966 [114:5/2966-114:11/2972]
--OWNER:
    STMT Expression text='output << "Module support metric: " << module.GetSupportMetric() << endl'
--RESOLVED TO:
    VARIABLE output [108:22/2643-108:37/2658] ReferencesTestCase/module.cc  TYPE: &$unresolved$::ostream TEXT=ostream&  [108:22/2643-108:30/2651]  INIT: null  SCOPE: operator << 
==============================================================
'module', tokenID=identifier, offset=3005 [114:44/3005-114:50/3011]
--OWNER:
    STMT Expression text='output << "Module support metric: " << module.GetSupportMetric() << endl'
--RESOLVED TO:
    VARIABLE module [108:39/2660-108:59/2680] ReferencesTestCase/module.cc  TYPE: const &Module TEXT=const Module&  [108:39/2660-108:52/2673]  INIT: null  SCOPE: operator << 
==============================================================
'GetSupportMetric', tokenID=identifier, offset=3012 [114:51/3012-114:67/3028]
--OWNER:
    STMT Expression text='output << "Module support metric: " << module.GetSupportMetric() << endl'
--RESOLVED TO:
    FUNCTION GetSupportMetric() const  [56:5/1802-56:34/1831] ReferencesTestCase/module.h
==============================================================
'endl', tokenID=identifier, offset=3034 [114:73/3034-114:77/3038]
--OWNER:
    STMT Expression text='output << "Module support metric: " << module.GetSupportMetric() << endl'
--RESOLVED TO:
    null
==============================================================
'output', tokenID=identifier, offset=3056 [116:12/3056-116:18/3062]
--OWNER:
    STMT Return text='return output;'
--RESOLVED TO:
    VARIABLE output [108:22/2643-108:37/2658] ReferencesTestCase/module.cc  TYPE: &$unresolved$::ostream TEXT=ostream&  [108:22/2643-108:30/2651]  INIT: null  SCOPE: operator << 
==============================================================
