'_customer_H', tokenID=identifier, offset=879 [20:9/879-20:20/890]
--OWNER:
    null
--RESOLVED TO:
    MACROS #define '_customer_H' [21:1/891-21:20/910]
==============================================================
'_customer_H', tokenID=identifier, offset=899 [21:9/899-21:20/910]
--OWNER:
    MACROS #define '_customer_H' [21:1/891-21:20/910]
--RESOLVED TO:
    MACROS #define '_customer_H' [21:1/891-21:20/910]
==============================================================
'std', tokenID=identifier, offset=951 [25:17/951-25:20/954]
--OWNER:
    USING_DIRECTIVE std [25:1/935-25:20/954] ReferencesTestCase/customer.h
--RESOLVED TO:
    null
==============================================================
'Customer', tokenID=identifier, offset=963 [27:7/963-27:15/971]
--OWNER:
    CLASS Customer [27:1/957-38:3/1242] ReferencesTestCase/customer.h
--RESOLVED TO:
    CLASS Customer [27:1/957-38:3/1242] ReferencesTestCase/customer.h
==============================================================
'Customer', tokenID=identifier, offset=994 [29:9/994-29:17/1002]
--OWNER:
    FUNCTION Customer(const string,int)  [29:9/994-29:59/1044] ReferencesTestCase/customer.h
--RESOLVED TO:
    FUNCTION Customer(const string,int)  [29:9/994-29:59/1044] ReferencesTestCase/customer.h
==============================================================
'string', tokenID=identifier, offset=1009 [29:24/1009-29:30/1015]
--OWNER:
    TYPE const $unresolved$::string TEXT=const string  [29:18/1003-29:30/1015] ReferencesTestCase/customer.h
--RESOLVED TO:
    null
==============================================================
'initName', tokenID=identifier, offset=1016 [29:31/1016-29:39/1024]
--OWNER:
    VARIABLE initName [29:18/1003-29:39/1024] ReferencesTestCase/customer.h  TYPE: const $unresolved$::string TEXT=const string  [29:18/1003-29:30/1015]  INIT: null  SCOPE: null
--RESOLVED TO:
    VARIABLE initName [29:18/1003-29:39/1024] ReferencesTestCase/customer.h  TYPE: const $unresolved$::string TEXT=const string  [29:18/1003-29:30/1015]  INIT: null  SCOPE: null
==============================================================
'initDiscount', tokenID=identifier, offset=1030 [29:45/1030-29:57/1042]
--OWNER:
    VARIABLE initDiscount [29:41/1026-29:57/1042] ReferencesTestCase/customer.h  TYPE: int TEXT=int  [29:41/1026-29:44/1029]  INIT: null  SCOPE: null
--RESOLVED TO:
    VARIABLE initDiscount [29:41/1026-29:57/1042] ReferencesTestCase/customer.h  TYPE: int TEXT=int  [29:41/1026-29:44/1029]  INIT: null  SCOPE: null
==============================================================
'string', tokenID=identifier, offset=1053 [30:9/1053-30:15/1059]
--OWNER:
    TYPE $unresolved$::string TEXT=string  [30:9/1053-30:15/1059] ReferencesTestCase/customer.h
--RESOLVED TO:
    null
==============================================================
'GetName', tokenID=identifier, offset=1060 [30:16/1060-30:23/1067]
--OWNER:
    FUNCTION GetName() const  [30:9/1053-30:32/1076] ReferencesTestCase/customer.h
--RESOLVED TO:
    FUNCTION GetName() const  [30:9/1053-30:32/1076] ReferencesTestCase/customer.h
==============================================================
'GetDiscount', tokenID=identifier, offset=1089 [31:13/1089-31:24/1100]
--OWNER:
    FUNCTION GetDiscount() const  [31:9/1085-31:33/1109] ReferencesTestCase/customer.h
--RESOLVED TO:
    FUNCTION GetDiscount() const  [31:9/1085-31:33/1109] ReferencesTestCase/customer.h
==============================================================
'string', tokenID=identifier, offset=1140 [34:9/1140-34:15/1146]
--OWNER:
    TYPE $unresolved$::string TEXT=string  [34:9/1140-34:15/1146] ReferencesTestCase/customer.h
--RESOLVED TO:
    null
==============================================================
'name', tokenID=identifier, offset=1147 [34:16/1147-34:20/1151]
--OWNER:
    VARIABLE name [34:9/1140-34:21/1152] ReferencesTestCase/customer.h  TYPE: $unresolved$::string TEXT=string  [34:9/1140-34:15/1146]  INIT: null  SCOPE: Customer 
--RESOLVED TO:
    VARIABLE name [34:9/1140-34:21/1152] ReferencesTestCase/customer.h  TYPE: $unresolved$::string TEXT=string  [34:9/1140-34:15/1146]  INIT: null  SCOPE: Customer 
==============================================================
'discount', tokenID=identifier, offset=1165 [35:13/1165-35:21/1173]
--OWNER:
    VARIABLE discount [35:9/1161-35:22/1174] ReferencesTestCase/customer.h  TYPE: int TEXT=int  [35:9/1161-35:12/1164]  INIT: null  SCOPE: Customer 
--RESOLVED TO:
    VARIABLE discount [35:9/1161-35:22/1174] ReferencesTestCase/customer.h  TYPE: int TEXT=int  [35:9/1161-35:12/1164]  INIT: null  SCOPE: Customer 
==============================================================
'ostream', tokenID=identifier, offset=1191 [37:16/1191-37:23/1198]
--OWNER:
    TYPE &$unresolved$::ostream TEXT=ostream&  [37:16/1191-37:24/1199] ReferencesTestCase/customer.h
--RESOLVED TO:
    null
==============================================================
'ostream', tokenID=identifier, offset=1212 [37:37/1212-37:44/1219]
--OWNER:
    TYPE &$unresolved$::ostream TEXT=ostream&  [37:37/1212-37:44/1219] ReferencesTestCase/customer.h
--RESOLVED TO:
    null
==============================================================
'Customer', tokenID=identifier, offset=1228 [37:53/1228-37:61/1236]
--OWNER:
    VARIABLE  [37:47/1222-37:62/1237] ReferencesTestCase/customer.h  TYPE: const &Customer TEXT=const Customer&  [37:47/1222-37:52/1227]  INIT: null  SCOPE: null
--RESOLVED TO:
    CLASS Customer [27:1/957-38:3/1242] ReferencesTestCase/customer.h
==============================================================
