'DISK_H', tokenID=identifier, offset=879 [20:9/879-20:15/885]
--OWNER:
    null
--RESOLVED TO:
    MACROS #define 'DISK_H' [21:1/886-21:15/900]
==============================================================
'DISK_H', tokenID=identifier, offset=894 [21:9/894-21:15/900]
--OWNER:
    MACROS #define 'DISK_H' [21:1/886-21:15/900]
--RESOLVED TO:
    MACROS #define 'DISK_H' [21:1/886-21:15/900]
==============================================================
'"module.h"', tokenID=user-include, offset=910 [22:10/910-22:20/920]
--OWNER:
    INCLUDE "module.h" [22:1/901-22:20/920]
--RESOLVED TO:
    FILE ReferencesTestCase/module.h
==============================================================
'Disk', tokenID=identifier, offset=928 [24:7/928-24:11/932]
--OWNER:
    CLASS Disk [24:1/922-35:3/1302] ReferencesTestCase/disk.h
--RESOLVED TO:
    CLASS Disk [24:1/922-35:3/1302] ReferencesTestCase/disk.h
==============================================================
'Module', tokenID=identifier, offset=942 [24:21/942-24:27/948]
--OWNER:
     [24:14/935-24:27/948] ReferencesTestCase/disk.h
--RESOLVED TO:
    CLASS Module [29:1/971-70:3/2187] ReferencesTestCase/module.h
==============================================================
'DiskType', tokenID=identifier, offset=968 [26:10/968-26:18/976]
--OWNER:
    ENUM Disk::DiskType [26:5/963-26:36/994] ReferencesTestCase/disk.h
--RESOLVED TO:
    ENUM Disk::DiskType [26:5/963-26:36/994] ReferencesTestCase/disk.h
==============================================================
'SINGLE', tokenID=identifier, offset=979 [26:21/979-26:27/985]
--OWNER:
    ENUMERATOR Disk::DiskType::SINGLE [26:21/979-26:27/985] ReferencesTestCase/disk.h
--RESOLVED TO:
    ENUMERATOR Disk::DiskType::SINGLE [26:21/979-26:27/985] ReferencesTestCase/disk.h
==============================================================
'RAID', tokenID=identifier, offset=988 [26:30/988-26:34/992]
--OWNER:
    ENUMERATOR Disk::DiskType::RAID [26:30/988-26:34/992] ReferencesTestCase/disk.h
--RESOLVED TO:
    ENUMERATOR Disk::DiskType::RAID [26:30/988-26:34/992] ReferencesTestCase/disk.h
==============================================================
'DiskCapacity', tokenID=identifier, offset=1006 [27:10/1006-27:22/1018]
--OWNER:
    ENUM Disk::DiskCapacity [27:5/1001-27:44/1040] ReferencesTestCase/disk.h
--RESOLVED TO:
    ENUM Disk::DiskCapacity [27:5/1001-27:44/1040] ReferencesTestCase/disk.h
==============================================================
'T100', tokenID=identifier, offset=1021 [27:25/1021-27:29/1025]
--OWNER:
    ENUMERATOR Disk::DiskCapacity::T100 [27:25/1021-27:29/1025] ReferencesTestCase/disk.h
--RESOLVED TO:
    ENUMERATOR Disk::DiskCapacity::T100 [27:25/1021-27:29/1025] ReferencesTestCase/disk.h
==============================================================
'T200', tokenID=identifier, offset=1028 [27:32/1028-27:36/1032]
--OWNER:
    ENUMERATOR Disk::DiskCapacity::T200 [27:32/1028-27:36/1032] ReferencesTestCase/disk.h
--RESOLVED TO:
    ENUMERATOR Disk::DiskCapacity::T200 [27:32/1028-27:36/1032] ReferencesTestCase/disk.h
==============================================================
'T500', tokenID=identifier, offset=1034 [27:38/1034-27:42/1038]
--OWNER:
    ENUMERATOR Disk::DiskCapacity::T500 [27:38/1034-27:42/1038] ReferencesTestCase/disk.h
--RESOLVED TO:
    ENUMERATOR Disk::DiskCapacity::T500 [27:38/1034-27:42/1038] ReferencesTestCase/disk.h
==============================================================
'Disk', tokenID=identifier, offset=1097 [29:5/1097-29:9/1101]
--OWNER:
    FUNCTION Disk(int,int,int)  [29:5/1097-29:60/1152] ReferencesTestCase/disk.h
--RESOLVED TO:
    FUNCTION Disk(int,int,int)  [29:5/1097-29:60/1152] ReferencesTestCase/disk.h
==============================================================
'type', tokenID=identifier, offset=1106 [29:14/1106-29:18/1110]
--OWNER:
    VARIABLE type [29:10/1102-29:27/1119] ReferencesTestCase/disk.h  TYPE: int TEXT=int  [29:10/1102-29:13/1105]  INIT: text='SINGLE'  SCOPE: null
--RESOLVED TO:
    VARIABLE type [29:10/1102-29:27/1119] ReferencesTestCase/disk.h  TYPE: int TEXT=int  [29:10/1102-29:13/1105]  INIT: text='SINGLE'  SCOPE: null
==============================================================
'SINGLE', tokenID=identifier, offset=1113 [29:21/1113-29:27/1119]
--OWNER:
    VARIABLE type [29:10/1102-29:27/1119] ReferencesTestCase/disk.h  TYPE: int TEXT=int  [29:10/1102-29:13/1105]  INIT: text='SINGLE'  SCOPE: null
--RESOLVED TO:
    ENUMERATOR Disk::DiskType::SINGLE [26:21/979-26:27/985] ReferencesTestCase/disk.h
==============================================================
'size', tokenID=identifier, offset=1125 [29:33/1125-29:37/1129]
--OWNER:
    VARIABLE size [29:29/1121-29:44/1136] ReferencesTestCase/disk.h  TYPE: int TEXT=int  [29:29/1121-29:32/1124]  INIT: text='T100'  SCOPE: null
--RESOLVED TO:
    VARIABLE size [29:29/1121-29:44/1136] ReferencesTestCase/disk.h  TYPE: int TEXT=int  [29:29/1121-29:32/1124]  INIT: text='T100'  SCOPE: null
==============================================================
'T100', tokenID=identifier, offset=1132 [29:40/1132-29:44/1136]
--OWNER:
    VARIABLE size [29:29/1121-29:44/1136] ReferencesTestCase/disk.h  TYPE: int TEXT=int  [29:29/1121-29:32/1124]  INIT: text='T100'  SCOPE: null
--RESOLVED TO:
    ENUMERATOR Disk::DiskCapacity::T100 [27:25/1021-27:29/1025] ReferencesTestCase/disk.h
==============================================================
'units', tokenID=identifier, offset=1142 [29:50/1142-29:55/1147]
--OWNER:
    VARIABLE units [29:46/1138-29:58/1150] ReferencesTestCase/disk.h  TYPE: int TEXT=int  [29:46/1138-29:49/1141]  INIT: text='1'  SCOPE: null
--RESOLVED TO:
    VARIABLE units [29:46/1138-29:58/1150] ReferencesTestCase/disk.h  TYPE: int TEXT=int  [29:46/1138-29:49/1141]  INIT: text='1'  SCOPE: null
==============================================================
'GetType', tokenID=identifier, offset=1177 [30:25/1177-30:32/1184]
--OWNER:
    FUNCTION GetType() const  [30:5/1157-30:41/1193] ReferencesTestCase/disk.h
--RESOLVED TO:
    FUNCTION GetType() const  [30:5/1157-30:41/1193] ReferencesTestCase/disk.h
==============================================================
'GetCategory', tokenID=identifier, offset=1218 [31:25/1218-31:36/1229]
--OWNER:
    FUNCTION GetCategory() const  [31:5/1198-31:45/1238] ReferencesTestCase/disk.h
--RESOLVED TO:
    FUNCTION GetCategory() const  [31:5/1198-31:45/1238] ReferencesTestCase/disk.h
==============================================================
'ComputeSupportMetric', tokenID=identifier, offset=1276 [34:10/1276-34:30/1296]
--OWNER:
    FUNCTION ComputeSupportMetric()  [34:5/1271-34:33/1299] ReferencesTestCase/disk.h
--RESOLVED TO:
    FUNCTION ComputeSupportMetric()  [34:5/1271-34:33/1299] ReferencesTestCase/disk.h
==============================================================
