Block 1:	Position 3:9-3:11	DEFINED_MACRO
Block 2:	Position 5:10-5:17	FUNCTION
Block 3:	Position 6:5-6:10	CLASS_FIELD
Block 4:	Position 9:13-9:20	FUNCTION
Block 5:	Position 10:5-10:16	CLASS_FIELD
Block 6:	Position 13:15-13:18	FUNCTION
Block 7:	Position 14:5-14:10	CLASS_FIELD
Block 8:	Position 14:13-14:15	DEFINED_MACRO
Block 9:	Position 15:12-15:14	UNUSED_VARIABLES
Block 10:	Position 16:9-16:15	UNUSED_VARIABLES
Block 11:	Position 16:18-16:23	CLASS_FIELD
Block 12:	Position 17:11-17:16	CLASS_FIELD
Block 13:	Position 18:10-18:15	CLASS_FIELD
Block 14:	Position 19:5-19:10	CLASS_FIELD
Block 15:	Position 19:13-19:16	FUNCTION_USAGE
Block 16:	Position 19:17-19:22	CLASS_FIELD
Block 17:	Position 21:18-21:23	CLASS_FIELD
Block 18:	Position 22:13-22:16	FUNCTION_USAGE
Block 19:	Position 25:14-25:17	FUNCTION
Block 20:	Position 26:12-26:17	CLASS_FIELD
Block 21:	Position 31:5-31:9	FUNCTION
Block 22:	Position 32:9-32:10	UNUSED_VARIABLES