Block 1:	Position 3:9-3:11	macro
Block 2:	Position 5:10-5:17	function
Block 3:	Position 6:5-6:10	field
Block 4:	Position 9:13-9:20	function
Block 5:	Position 10:5-10:16	field
Block 6:	Position 13:15-13:18	function
Block 7:	Position 14:5-14:10	field
Block 8:	Position 14:13-14:15	macro
Block 9:	Position 15:12-15:14	unused
Block 10:	Position 16:9-16:15	unused
Block 11:	Position 16:18-16:23	field
Block 12:	Position 17:11-17:16	field
Block 13:	Position 18:10-18:15	field
Block 14:	Position 19:5-19:10	field
Block 15:	Position 19:13-19:16	funcusage
Block 16:	Position 19:17-19:22	field
Block 17:	Position 21:18-21:23	field
Block 18:	Position 22:13-22:16	funcusage
Block 19:	Position 25:14-25:17	function
Block 20:	Position 26:12-26:17	field
Block 21:	Position 31:5-31:9	function
Block 22:	Position 32:9-32:10	unused
