4:OVERRIDDEN PrimitiveDescendant::v_func primitive.cc:15
5:OVERRIDDEN PrimitiveDescendant::v_inline_func primitive.cc:16
15:OVERRIDES PrimitiveAncestor::v_func primitive.cc:4
16:OVERRIDES PrimitiveAncestor::v_inline_func primitive.cc:5
26:OVERRIDDEN PrimitiveDescendant::v_func primitive.cc:15
35:OVERRIDES PrimitiveAncestor::v_func primitive.cc:4
