aProt int
aProtSt int
aPub int
aPubSt int
bPriv int
bPrivSt int
bProt int
bProtSt int
bPub int
bPubSt int
dPub int
dPubSt int
aProtFun() void
aProtFunSt() void
aPubFun() void
aPubFunSt() void
bPrivFun() void
bPrivFunSt() void
bProtFun() void
bProtFunSt() void
bPubFun() void
bPubFunSt() void
dPubFun() void
dPubFunSt() void
