Block 1:	Position 1:9-1:12	macro
Block 2:	Position 4:12-5:13	inactive
Block 3:	Position 7:11-7:14	macro
Block 4:	Position 8:16-8:24	macro
Block 5:	Position 10:9-11:21	inactive
Block 6:	Position 15:8-15:16	macro
Block 7:	Position 19:8-19:11	macro
Block 8:	Position 20:8-20:16	macro
Block 9:	Position 22:12-23:14	inactive
Block 10:	Position 25:14-27:25	inactive
Block 11:	Position 33:16-34:19	inactive
