Block 1:	Position 1:9-1:12	DEFINED_MACRO
Block 2:	Position 4:12-5:13	INACTIVE_CODE
Block 3:	Position 7:11-7:14	DEFINED_MACRO
Block 4:	Position 8:16-8:24	DEFINED_MACRO
Block 5:	Position 10:9-11:21	INACTIVE_CODE
Block 6:	Position 15:8-15:16	DEFINED_MACRO
Block 7:	Position 19:8-19:11	DEFINED_MACRO
Block 8:	Position 20:8-20:16	DEFINED_MACRO
Block 9:	Position 22:12-23:14	INACTIVE_CODE
Block 10:	Position 25:14-27:25	INACTIVE_CODE
Block 11:	Position 33:16-34:19	INACTIVE_CODE
