 profilerinterface

 Timestamp is 531acdda (Sat Mar 08 08:59:22 2014)

 Preferred load address is 10000000

 Start         Length     Name                   Class
 0001:00000000 0000400cH .text                   CODE
 0002:00000000 000000bcH .idata$5                DATA
 0002:000000bc 00000004H .CRT$XCA                DATA
 0002:000000c0 00000004H .CRT$XCZ                DATA
 0002:000000c4 00000004H .CRT$XIA                DATA
 0002:000000c8 00000004H .CRT$XIAA               DATA
 0002:000000cc 00000004H .CRT$XIC                DATA
 0002:000000d0 00000004H .CRT$XIZ                DATA
 0002:000000d8 00000060H .rdata                  DATA
 0002:00000140 00000004H .rdata$sxdata           DATA
 0002:00000144 00000004H .rtc$IAA                DATA
 0002:00000148 00000004H .rtc$IZZ                DATA
 0002:0000014c 00000004H .rtc$TAA                DATA
 0002:00000150 00000004H .rtc$TZZ                DATA
 0002:00000158 00000084H .xdata$x                DATA
 0002:000001dc 00000028H .idata$2                DATA
 0002:00000204 00000014H .idata$3                DATA
 0002:00000218 000000bcH .idata$4                DATA
 0002:000002d4 0000030cH .idata$6                DATA
 0002:000005e0 00000e61H .edata                  DATA
 0003:00000000 00001d30H .data                   DATA
 0003:00001d30 000004e4H .bss                    DATA
 0004:00000000 00000058H .rsrc$01                DATA
 0004:00000060 00000390H .rsrc$02                DATA

  Address         Publics by Value              Rva+Base       Lib:Object

 0000:00000000       __except_list              00000000     <absolute>
 0000:00000001       ___safe_se_handler_count   00000001     <absolute>
 0000:00009876       __fltused                  00009876     <absolute>
 0000:00009876       __ldused                   00009876     <absolute>
 0000:00000000       ___ImageBase               10000000     <linker-defined>
 0001:00000000       _Java_org_netbeans_lib_profiler_server_system_Classes_getAllLoadedClasses@8 10001000 f   Classes.obj
 0001:00000170       _Java_org_netbeans_lib_profiler_server_system_Classes_cacheLoadedClasses@16 10001170 f   Classes.obj
 0001:000001d0       _Java_org_netbeans_lib_profiler_server_system_Classes_getCachedClassFileBytes@12 100011d0 f   Classes.obj
 0001:00000300       _register_class_prepare@16 10001300 f   Classes.obj
 0001:00000350       _Java_org_netbeans_lib_profiler_server_system_Classes_enableClassLoadHook@8 10001350 f   Classes.obj
 0001:00000420       _Java_org_netbeans_lib_profiler_server_system_Classes_disableClassLoadHook@8 10001420 f   Classes.obj
 0001:00000460       _Java_org_netbeans_lib_profiler_server_system_Classes_getObjectSize@12 10001460 f   Classes.obj
 0001:00000490       _Java_org_netbeans_lib_profiler_server_system_Classes_doRedefineClasses@16 10001490 f   Classes.obj
 0001:000006d0       _Java_org_netbeans_lib_profiler_server_system_Classes_notifyAboutClassLoaderUnloading@8 100016d0 f   Classes.obj
 0001:000006e0       _Java_org_netbeans_lib_profiler_server_system_HeapDump_initialize15@8 100016e0 f   HeapDump.obj
 0001:00000730       _Java_org_netbeans_lib_profiler_server_system_HeapDump_takeHeapDump15Native@12 10001730 f   HeapDump.obj
 0001:00000790       _Java_org_netbeans_lib_profiler_server_system_Timers_getThreadCPUTimeInNanos@8 10001790 f   Timers.obj
 0001:000007f0       _Java_org_netbeans_lib_profiler_server_system_Timers_osSleep@12 100017f0 f   Timers.obj
 0001:00000800       _Java_org_netbeans_lib_profiler_server_system_Timers_enableMicrostateAccounting@12 10001800 f   Timers.obj
 0001:00000810       _register_gc_start@4       10001810 f   GC.obj
 0001:00000880       _register_gc_finish@4      10001880 f   GC.obj
 0001:00000900       _enable_gc_start_finish_hook 10001900 f   GC.obj
 0001:000009c0       _Java_org_netbeans_lib_profiler_server_system_GC_activateGCEpochCounter@12 100019c0 f   GC.obj
 0001:00000a30       _Java_org_netbeans_lib_profiler_server_system_GC_resetGCEpochCounter@8 10001a30 f   GC.obj
 0001:00000a40       _Java_org_netbeans_lib_profiler_server_system_GC_getCurrentGCEpoch@8 10001a40 f   GC.obj
 0001:00000a50       _Java_org_netbeans_lib_profiler_server_system_GC_objectsAdjacent@16 10001a50 f   GC.obj
 0001:00000a90       _Java_org_netbeans_lib_profiler_server_system_GC_getGCRelativeTimeMetrics@12 10001a90 f   GC.obj
 0001:00000be0       _Java_org_netbeans_lib_profiler_server_system_GC_getGCStartFinishTimes@16 10001be0 f   GC.obj
 0001:00000c20       _Java_org_netbeans_lib_profiler_server_system_GC_runGC@8 10001c20 f   GC.obj
 0001:00000c40       _convert_JVMTI_thread_status_to_jfluid_status 10001c40 f   Threads.obj
 0001:00000d20       _Java_org_netbeans_lib_profiler_server_system_Threads_recordProfilerOwnThreads@16 10001d20 f   Threads.obj
 0001:00000ed0       _Java_org_netbeans_lib_profiler_server_system_Threads_recordAdditionalProfilerOwnThread@12 10001ed0 f   Threads.obj
 0001:00000f00       _Java_org_netbeans_lib_profiler_server_system_Threads_getTotalNumberOfThreads@8 10001f00 f   Threads.obj
 0001:00000f60       _Java_org_netbeans_lib_profiler_server_system_Threads_suspendTargetAppThreads@12 10001f60 f   Threads.obj
 0001:00001020       _Java_org_netbeans_lib_profiler_server_system_Threads_resumeTargetAppThreads@12 10002020 f   Threads.obj
 0001:000010e0       _Java_org_netbeans_lib_profiler_server_system_Threads_terminateTargetAppThreads@12 100020e0 f   Threads.obj
 0001:000011a0       _Java_org_netbeans_lib_profiler_server_system_Threads_targetAppThreadsExist@8 100021a0 f   Threads.obj
 0001:00001250       _Java_org_netbeans_lib_profiler_server_system_Threads_getAllThreads@12 10002250 f   Threads.obj
 0001:00001360       _Java_org_netbeans_lib_profiler_server_system_Threads_getThreadsStatus@16 10002360 f   Threads.obj
 0001:00001470       _Java_org_netbeans_lib_profiler_server_system_Threads_getJVMArguments@8 10002470 f   Threads.obj
 0001:00001490       _Java_org_netbeans_lib_profiler_server_system_Threads_getJavaCommand@8 10002490 f   Threads.obj
 0001:000014d0       _Java_org_netbeans_lib_profiler_server_system_Stacks_getCurrentJavaStackDepth@12 100024d0 f   Stacks.obj
 0001:000014f0       _Java_org_netbeans_lib_profiler_server_system_Stacks_clearNativeStackFrameBuffer@8 100024f0 f   Stacks.obj
 0001:00001530       _Java_org_netbeans_lib_profiler_server_system_Stacks_getCurrentStackFrameIds@20 10002530 f   Stacks.obj
 0001:000016b0       _Java_org_netbeans_lib_profiler_server_system_Stacks_getMethodNamesForJMethodIds@20 100026b0 f   Stacks.obj
 0001:00001a00       _Java_org_netbeans_lib_profiler_server_system_Stacks_getAllStackTraces@20 10002a00 f   Stacks.obj
 0001:00001c60       _Java_org_netbeans_lib_profiler_server_system_Stacks_createNativeStackFrameBuffer@12 10002c60 f   Stacks.obj
 0001:00001cb0       _get_nano_time             10002cb0 f   common_functions.obj
 0001:00001ce0       _report_usage              10002ce0 f   common_functions.obj
 0001:00001d30       _initializeJVMTI           10002d30 f   common_functions.obj
 0001:00001f10       _JNI_OnLoad@8              10002f10 f   common_functions.obj
 0001:00001f60       _Agent_OnLoad@12           10002f60 f   common_functions.obj
 0001:00002050       _set_system_loader         10003050 f   class_file_cache.obj
 0001:00002130       _loader_is_system_loader   10003130 f   class_file_cache.obj
 0001:00002180       _cache_loaded_classes      10003180 f   class_file_cache.obj
 0001:000021d0       _hash                      100031d0 f   class_file_cache.obj
 0001:00002210       _grow_ctable               10003210 f   class_file_cache.obj
 0001:000023a0       _get_saved_class_file_bytes 100033a0 f   class_file_cache.obj
 0001:000024c0       _try_removing_bytes_for_unloaded_classes 100034c0 f   class_file_cache.obj
 0001:000024d0       _initializeMethods         100034d0 f   class_file_cache.obj
 0001:000027b0       _waitInterceptor@16        100037b0 f   class_file_cache.obj
 0001:00002860       _sleepInterceptor@16       10003860 f   class_file_cache.obj
 0001:00002910       _parkInterceptor@20        10003910 f   class_file_cache.obj
 0001:000029c0       _monitor_contended_enter_hook@16 100039c0 f   class_file_cache.obj
 0001:00002a20       _monitor_contended_entered_hook@16 10003a20 f   class_file_cache.obj
 0001:00002a80       _vm_object_alloc@28        10003a80 f   class_file_cache.obj
 0001:00002ad0       _Java_org_netbeans_lib_profiler_server_system_Classes_setParkTrackingEnabled@12 10003ad0 f   class_file_cache.obj
 0001:00002b20       _Java_org_netbeans_lib_profiler_server_system_Classes_setWaitTrackingEnabled@12 10003b20 f   class_file_cache.obj
 0001:00002b80       _Java_org_netbeans_lib_profiler_server_system_Classes_setSleepTrackingEnabled@12 10003b80 f   class_file_cache.obj
 0001:00002bd0       _Java_org_netbeans_lib_profiler_server_system_Classes_setVMObjectAllocEnabled@12 10003bd0 f   class_file_cache.obj
 0001:00002c10       _save_class_file_bytes     10003c10 f   class_file_cache.obj
 0001:00002df0       _class_file_load_hook@40   10003df0 f   class_file_cache.obj
 0001:00002f00       _native_method_bind_hook@24 10003f00 f   class_file_cache.obj
 0001:000032c0       _parse_options_and_extract_params 100042c0 f   attach.obj
 0001:00003430       _setupAndCallProfilerRuntimeActivate 10004430 f   attach.obj
 0001:00003570       _vm_init_hook@12           10004570 f   attach.obj
 0001:00003582       _memcpy                    10004582 f   MSVCRT:MSVCR80.dll
 0001:00003590       __alldiv                   10004590 f   MSVCRT:lldiv.obj
 0001:00003640       __allmul                   10004640 f   MSVCRT:llmul.obj
 0001:00003680       __ftol2_sse                10004680 f   MSVCRT:ftol2.obj
 0001:00003689       __ftol2_pentium4           10004689 f   MSVCRT:ftol2.obj
 0001:0000369c       __ftol2_sse_excpt          1000469c f   MSVCRT:ftol2.obj
 0001:000036b6       __ftol2                    100046b6 f   MSVCRT:ftol2.obj
 0001:0000372c       _memset                    1000472c f   MSVCRT:MSVCR80.dll
 0001:0000377f       __CRT_INIT@12              1000477f f   MSVCRT:crtdll.obj
 0001:00003a58       __DllMainCRTStartup@12     10004a58 f   MSVCRT:crtdll.obj
 0001:00003ac9       __get_sse2_info            10004ac9 f   MSVCRT:cpu_disp.obj
 0001:00003b29       ___sse2_available_init     10004b29 f   MSVCRT:cpu_disp.obj
 0001:00003b36       ___clean_type_info_names   10004b36 f   MSVCRT:tncleanup.obj
 0001:00003b42       __onexit                   10004b42 f   MSVCRT:atonexit.obj
 0001:00003be7       _atexit                    10004be7 f   MSVCRT:atonexit.obj
 0001:00003bf9       __RTC_Initialize           10004bf9 f   MSVCRT:initsect.obj
 0001:00003c1d       __RTC_Terminate            10004c1d f   MSVCRT:initsect.obj
 0001:00003c50       __ValidateImageBase        10004c50 f   MSVCRT:pesect.obj
 0001:00003c80       __FindPESection            10004c80 f   MSVCRT:pesect.obj
 0001:00003cd0       __IsNonwritableInCurrentImage 10004cd0 f   MSVCRT:pesect.obj
 0001:00003d8c       __initterm                 10004d8c f   MSVCRT:MSVCR80.dll
 0001:00003d92       __initterm_e               10004d92 f   MSVCRT:MSVCR80.dll
 0001:00003d98       __amsg_exit                10004d98 f   MSVCRT:MSVCR80.dll
 0001:00003d9e       ___CppXcptFilter           10004d9e f   MSVCRT:MSVCR80.dll
 0001:00003da4       _DllMain@12                10004da4 f   MSVCRT:dllmain.obj
 0001:00003dc4       __SEH_prolog4              10004dc4 f   MSVCRT:sehprolg4.obj
 0001:00003e09       __SEH_epilog4              10004e09 f   MSVCRT:sehprolg4.obj
 0001:00003e1d       __except_handler4          10004e1d f   MSVCRT:chandler4gs.obj
 0001:00003e40       ___security_init_cookie    10004e40 f   MSVCRT:gs_support.obj
 0001:00003ed4       ___clean_type_info_names_internal 10004ed4 f   MSVCRT:MSVCR80.dll
 0001:00003eda       __unlock                   10004eda f   MSVCRT:MSVCR80.dll
 0001:00003ee0       ___dllonexit               10004ee0 f   MSVCRT:MSVCR80.dll
 0001:00003ee6       __lock                     10004ee6 f   MSVCRT:MSVCR80.dll
 0001:00003eec       @__security_check_cookie@4 10004eec f   MSVCRT:secchk.obj
 0001:00003efc       __except_handler4_common   10004efc f   MSVCRT:MSVCR80.dll
 0001:00003f02       ___report_gsfailure        10004f02 f   MSVCRT:gs_report.obj
 0001:00004006       __crt_debugger_hook        10005006 f   MSVCRT:MSVCR80.dll
 0002:00000000       __imp__SetUnhandledExceptionFilter@4 10006000     kernel32:KERNEL32.dll
 0002:00000004       __imp__UnhandledExceptionFilter@4 10006004     kernel32:KERNEL32.dll
 0002:00000008       __imp__GetCurrentProcess@0 10006008     kernel32:KERNEL32.dll
 0002:0000000c       __imp__TerminateProcess@8  1000600c     kernel32:KERNEL32.dll
 0002:00000010       __imp__GetSystemTimeAsFileTime@4 10006010     kernel32:KERNEL32.dll
 0002:00000014       __imp__GetCurrentProcessId@0 10006014     kernel32:KERNEL32.dll
 0002:00000018       __imp__GetCurrentThreadId@0 10006018     kernel32:KERNEL32.dll
 0002:0000001c       __imp__GetTickCount@0      1000601c     kernel32:KERNEL32.dll
 0002:00000020       __imp__QueryPerformanceCounter@4 10006020     kernel32:KERNEL32.dll
 0002:00000024       __imp__DisableThreadLibraryCalls@4 10006024     kernel32:KERNEL32.dll
 0002:00000028       __imp__InterlockedCompareExchange@12 10006028     kernel32:KERNEL32.dll
 0002:0000002c       __imp__Sleep@4             1000602c     kernel32:KERNEL32.dll
 0002:00000030       __imp__InterlockedExchange@8 10006030     kernel32:KERNEL32.dll
 0002:00000034       __imp__GetModuleHandleA@4  10006034     kernel32:KERNEL32.dll
 0002:00000038       __imp__GetProcAddress@8    10006038     kernel32:KERNEL32.dll
 0002:0000003c       __imp__IsDebuggerPresent@0 1000603c     kernel32:KERNEL32.dll
 0002:00000040       \177KERNEL32_NULL_THUNK_DATA 10006040     kernel32:KERNEL32.dll
 0002:00000044       __imp___initterm           10006044     MSVCRT:MSVCR80.dll
 0002:00000048       __imp___initterm_e         10006048     MSVCRT:MSVCR80.dll
 0002:0000004c       __imp___amsg_exit          1000604c     MSVCRT:MSVCR80.dll
 0002:00000050       __imp___adjust_fdiv        10006050     MSVCRT:MSVCR80.dll
 0002:00000054       __imp____CppXcptFilter     10006054     MSVCRT:MSVCR80.dll
 0002:00000058       __imp___decode_pointer     10006058     MSVCRT:MSVCR80.dll
 0002:0000005c       __imp___unlock             1000605c     MSVCRT:MSVCR80.dll
 0002:00000060       __imp____dllonexit         10006060     MSVCRT:MSVCR80.dll
 0002:00000064       __imp___lock               10006064     MSVCRT:MSVCR80.dll
 0002:00000068       __imp___onexit             10006068     MSVCRT:MSVCR80.dll
 0002:0000006c       __imp___except_handler4_common 1000606c     MSVCRT:MSVCR80.dll
 0002:00000070       __imp___crt_debugger_hook  10006070     MSVCRT:MSVCR80.dll
 0002:00000074       __imp___encoded_null       10006074     MSVCRT:MSVCR80.dll
 0002:00000078       __imp___malloc_crt         10006078     MSVCRT:MSVCR80.dll
 0002:0000007c       __imp___encode_pointer     1000607c     MSVCRT:MSVCR80.dll
 0002:00000080       __imp__strtol              10006080     MSVCRT:MSVCR80.dll
 0002:00000084       __imp__atoi                10006084     MSVCRT:MSVCR80.dll
 0002:00000088       __imp__strpbrk             10006088     MSVCRT:MSVCR80.dll
 0002:0000008c       __imp__memset              1000608c     MSVCRT:MSVCR80.dll
 0002:00000090       __imp__strncpy             10006090     MSVCRT:MSVCR80.dll
 0002:00000094       __imp__memmove             10006094     MSVCRT:MSVCR80.dll
 0002:00000098       __imp__memcpy              10006098     MSVCRT:MSVCR80.dll
 0002:0000009c       __imp____iob_func          1000609c     MSVCRT:MSVCR80.dll
 0002:000000a0       __imp__fprintf             100060a0     MSVCRT:MSVCR80.dll
 0002:000000a4       __imp__calloc              100060a4     MSVCRT:MSVCR80.dll
 0002:000000a8       __imp___wassert            100060a8     MSVCRT:MSVCR80.dll
 0002:000000ac       __imp__malloc              100060ac     MSVCRT:MSVCR80.dll
 0002:000000b0       __imp____clean_type_info_names_internal 100060b0     MSVCRT:MSVCR80.dll
 0002:000000b4       __imp__free                100060b4     MSVCRT:MSVCR80.dll
 0002:000000b8       \177MSVCR80_NULL_THUNK_DATA 100060b8     MSVCRT:MSVCR80.dll
 0002:000000bc       ___xc_a                    100060bc     MSVCRT:cinitexe.obj
 0002:000000c0       ___xc_z                    100060c0     MSVCRT:cinitexe.obj
 0002:000000c4       ___xi_a                    100060c4     MSVCRT:cinitexe.obj
 0002:000000d0       ___xi_z                    100060d0     MSVCRT:cinitexe.obj
 0002:000000d8       __real@408f400000000000    100060d8     GC.obj
 0002:000000e0       __pRawDllMain              100060e0     MSVCRT:crtdll.obj
 0002:000000e0       __pDefaultRawDllMain       100060e0     MSVCRT:crtdll.obj
 0002:000000f0       __load_config_used         100060f0     MSVCRT:loadcfg.obj
 0002:00000140       ___safe_se_handler_table   10006140     <linker-defined>
 0002:00000144       ___rtc_iaa                 10006144     MSVCRT:initsect.obj
 0002:00000148       ___rtc_izz                 10006148     MSVCRT:initsect.obj
 0002:0000014c       ___rtc_taa                 1000614c     MSVCRT:initsect.obj
 0002:00000150       ___rtc_tzz                 10006150     MSVCRT:initsect.obj
 0002:000001dc       __IMPORT_DESCRIPTOR_MSVCR80 100061dc     MSVCRT:MSVCR80.dll
 0002:000001f0       __IMPORT_DESCRIPTOR_KERNEL32 100061f0     kernel32:KERNEL32.dll
 0002:00000204       __NULL_IMPORT_DESCRIPTOR   10006204     MSVCRT:MSVCR80.dll
 0003:00001d20       ___native_dllmain_reason   10009d20     MSVCRT:natstart.obj
 0003:00001d24       ___native_vcclrit_reason   10009d24     MSVCRT:natstart.obj
 0003:00001d28       ___security_cookie         10009d28     MSVCRT:gs_cookie.obj
 0003:00001d2c       ___security_cookie_complement 10009d2c     MSVCRT:gs_cookie.obj
 0003:00001eb8       __forceCRTManifest         10009eb8     MSVCRT:crtmanifest.obj
 0003:00001ebc       ?__type_info_root_node@@3U__type_info_node@@A 10009ebc     MSVCRT:tncleanup.obj
 0003:000021ec       __jvmti                    1000a1ec     <common>
 0003:000021f0       __jvmti_callbacks          1000a1f0     <common>
 0003:000021f4       _JVM_DumpHeap15            1000a1f4     <common>
 0003:000021f8       __adjust_fdiv              1000a1f8     <common>
 0003:000021fc       ___native_startup_state    1000a1fc     <common>
 0003:00002200       ___native_startup_lock     1000a200     <common>
 0003:00002204       ___onexitend               1000a204     <common>
 0003:00002208       ___onexitbegin             1000a208     <common>
 0003:0000220c       ___sse2_available          1000a20c     <common>
 0003:00002210       ___dyn_tls_init_callback   1000a210     <common>

 entry point at        0001:00003a58

 Static symbols

 0001:00000ca0       _isProfilerThread          10001ca0 f   Threads.obj
 0001:000014b0       _convert_jmethodID_to_jint 100024b0 f   Stacks.obj
 0001:000014c0       _convert_jint_to_jmethodID 100024c0 f   Stacks.obj
 0001:000015c0       _copy_into_data_array      100025c0 f   Stacks.obj
 0001:00001680       _copy_dummy_names_into_data_array 10002680 f   Stacks.obj
 0001:00003732       _pre_c_init                10004732 f   MSVCRT:crtdll.obj
 0001:00003942       ___DllMainCRTStartup       10004942 f   MSVCRT:crtdll.obj
 0001:00003a79       _has_osfxsr_set            10004a79 f   MSVCRT:cpu_disp.obj
